Archive member included to satisfy reference by file (symbol)

C:/ST/STM32CubeIDE_1.13.2/STM32CubeIDE/plugins/com.st.stm32cube.ide.mcu.externaltools.gnu-tools-for-stm32.11.3.rel1.win32_1.1.1.202309131626/tools/bin/../lib/gcc/arm-none-eabi/11.3.1/../../../../arm-none-eabi/lib/thumb/v7e-m+fp/hard\libstdc++_nano.a(del_ops.o)
                              ./Bsp/Src/Lcd/ILI9341Lcd.o (operator delete(void*, unsigned int))
C:/ST/STM32CubeIDE_1.13.2/STM32CubeIDE/plugins/com.st.stm32cube.ide.mcu.externaltools.gnu-tools-for-stm32.11.3.rel1.win32_1.1.1.202309131626/tools/bin/../lib/gcc/arm-none-eabi/11.3.1/../../../../arm-none-eabi/lib/thumb/v7e-m+fp/hard\libstdc++_nano.a(new_op.o)
                              ./Core/Src/cppMain.o (operator new(unsigned int))
C:/ST/STM32CubeIDE_1.13.2/STM32CubeIDE/plugins/com.st.stm32cube.ide.mcu.externaltools.gnu-tools-for-stm32.11.3.rel1.win32_1.1.1.202309131626/tools/bin/../lib/gcc/arm-none-eabi/11.3.1/../../../../arm-none-eabi/lib/thumb/v7e-m+fp/hard\libstdc++_nano.a(del_op.o)
                              C:/ST/STM32CubeIDE_1.13.2/STM32CubeIDE/plugins/com.st.stm32cube.ide.mcu.externaltools.gnu-tools-for-stm32.11.3.rel1.win32_1.1.1.202309131626/tools/bin/../lib/gcc/arm-none-eabi/11.3.1/../../../../arm-none-eabi/lib/thumb/v7e-m+fp/hard\libstdc++_nano.a(del_ops.o) (operator delete(void*))
C:/ST/STM32CubeIDE_1.13.2/STM32CubeIDE/plugins/com.st.stm32cube.ide.mcu.externaltools.gnu-tools-for-stm32.11.3.rel1.win32_1.1.1.202309131626/tools/bin/../lib/gcc/arm-none-eabi/11.3.1/../../../../arm-none-eabi/lib/thumb/v7e-m+fp/hard\libstdc++_nano.a(new_handler.o)
                              C:/ST/STM32CubeIDE_1.13.2/STM32CubeIDE/plugins/com.st.stm32cube.ide.mcu.externaltools.gnu-tools-for-stm32.11.3.rel1.win32_1.1.1.202309131626/tools/bin/../lib/gcc/arm-none-eabi/11.3.1/../../../../arm-none-eabi/lib/thumb/v7e-m+fp/hard\libstdc++_nano.a(new_op.o) (std::get_new_handler())
C:/ST/STM32CubeIDE_1.13.2/STM32CubeIDE/plugins/com.st.stm32cube.ide.mcu.externaltools.gnu-tools-for-stm32.11.3.rel1.win32_1.1.1.202309131626/tools/bin/../lib/gcc/arm-none-eabi/11.3.1/../../../../arm-none-eabi/lib/thumb/v7e-m+fp/hard\libm.a(libm_a-w_atan2.o)
                              ./Bsp/Src/IMU/BMI160.o (atan2)
C:/ST/STM32CubeIDE_1.13.2/STM32CubeIDE/plugins/com.st.stm32cube.ide.mcu.externaltools.gnu-tools-for-stm32.11.3.rel1.win32_1.1.1.202309131626/tools/bin/../lib/gcc/arm-none-eabi/11.3.1/../../../../arm-none-eabi/lib/thumb/v7e-m+fp/hard\libm.a(libm_a-w_sqrt.o)
                              ./Bsp/Src/IMU/BMI160.o (sqrt)
C:/ST/STM32CubeIDE_1.13.2/STM32CubeIDE/plugins/com.st.stm32cube.ide.mcu.externaltools.gnu-tools-for-stm32.11.3.rel1.win32_1.1.1.202309131626/tools/bin/../lib/gcc/arm-none-eabi/11.3.1/../../../../arm-none-eabi/lib/thumb/v7e-m+fp/hard\libm.a(libm_a-e_sqrt.o)
                              C:/ST/STM32CubeIDE_1.13.2/STM32CubeIDE/plugins/com.st.stm32cube.ide.mcu.externaltools.gnu-tools-for-stm32.11.3.rel1.win32_1.1.1.202309131626/tools/bin/../lib/gcc/arm-none-eabi/11.3.1/../../../../arm-none-eabi/lib/thumb/v7e-m+fp/hard\libm.a(libm_a-w_sqrt.o) (__ieee754_sqrt)
C:/ST/STM32CubeIDE_1.13.2/STM32CubeIDE/plugins/com.st.stm32cube.ide.mcu.externaltools.gnu-tools-for-stm32.11.3.rel1.win32_1.1.1.202309131626/tools/bin/../lib/gcc/arm-none-eabi/11.3.1/../../../../arm-none-eabi/lib/thumb/v7e-m+fp/hard\libm.a(libm_a-e_atan2.o)
                              C:/ST/STM32CubeIDE_1.13.2/STM32CubeIDE/plugins/com.st.stm32cube.ide.mcu.externaltools.gnu-tools-for-stm32.11.3.rel1.win32_1.1.1.202309131626/tools/bin/../lib/gcc/arm-none-eabi/11.3.1/../../../../arm-none-eabi/lib/thumb/v7e-m+fp/hard\libm.a(libm_a-w_atan2.o) (__ieee754_atan2)
C:/ST/STM32CubeIDE_1.13.2/STM32CubeIDE/plugins/com.st.stm32cube.ide.mcu.externaltools.gnu-tools-for-stm32.11.3.rel1.win32_1.1.1.202309131626/tools/bin/../lib/gcc/arm-none-eabi/11.3.1/../../../../arm-none-eabi/lib/thumb/v7e-m+fp/hard\libm.a(libm_a-s_atan.o)
                              C:/ST/STM32CubeIDE_1.13.2/STM32CubeIDE/plugins/com.st.stm32cube.ide.mcu.externaltools.gnu-tools-for-stm32.11.3.rel1.win32_1.1.1.202309131626/tools/bin/../lib/gcc/arm-none-eabi/11.3.1/../../../../arm-none-eabi/lib/thumb/v7e-m+fp/hard\libm.a(libm_a-e_atan2.o) (atan)
C:/ST/STM32CubeIDE_1.13.2/STM32CubeIDE/plugins/com.st.stm32cube.ide.mcu.externaltools.gnu-tools-for-stm32.11.3.rel1.win32_1.1.1.202309131626/tools/bin/../lib/gcc/arm-none-eabi/11.3.1/../../../../arm-none-eabi/lib/thumb/v7e-m+fp/hard\libm.a(libm_a-s_fabs.o)
                              C:/ST/STM32CubeIDE_1.13.2/STM32CubeIDE/plugins/com.st.stm32cube.ide.mcu.externaltools.gnu-tools-for-stm32.11.3.rel1.win32_1.1.1.202309131626/tools/bin/../lib/gcc/arm-none-eabi/11.3.1/../../../../arm-none-eabi/lib/thumb/v7e-m+fp/hard\libm.a(libm_a-e_atan2.o) (fabs)
[...]
Memory Configuration

Name             Origin             Length             Attributes
RAM              0x0000000020000000 0x0000000000050000 xrw
FLASH            0x0000000008000000 0x0000000000180000 xr
*default*        0x0000000000000000 0xffffffffffffffff

Linker script and memory map

LOAD C:/ST/STM32CubeIDE_1.13.2/STM32CubeIDE/plugins/com.st.stm32cube.ide.mcu.externaltools.gnu-tools-for-stm32.11.3.rel1.win32_1.1.1.202309131626/tools/bin/../lib/gcc/arm-none-eabi/11.3.1/thumb/v7e-m+fp/hard/crti.o
LOAD C:/ST/STM32CubeIDE_1.13.2/STM32CubeIDE/plugins/com.st.stm32cube.ide.mcu.externaltools.gnu-tools-for-stm32.11.3.rel1.win32_1.1.1.202309131626/tools/bin/../lib/gcc/arm-none-eabi/11.3.1/thumb/v7e-m+fp/hard/crtbegin.o
LOAD C:/ST/STM32CubeIDE_1.13.2/STM32CubeIDE/plugins/com.st.stm32cube.ide.mcu.externaltools.gnu-tools-for-stm32.11.3.rel1.win32_1.1.1.202309131626/tools/bin/../lib/gcc/arm-none-eabi/11.3.1/../../../../arm-none-eabi/lib/thumb/v7e-m+fp/hard/crt0.o
LOAD ./Bsp/Src/IMU/BMI160.o
LOAD ./Bsp/Src/Lcd/ILI9341Lcd.o
LOAD ./Bsp/Src/Lcd/ili9341/ili9341hal.o
LOAD ./Bsp/Src/Magneto/DFRobot_BMM150.o
LOAD ./Bsp/Src/OS/os.o
LOAD ./Bsp/Src/OS/trace.o
LOAD ./Core/Src/cppMain.o
LOAD ./Core/Src/main.o
LOAD ./Core/Src/stm32f4xx_hal_msp.o
LOAD ./Core/Src/stm32f4xx_hal_timebase_tim.o
LOAD ./Core/Src/stm32f4xx_it.o
LOAD ./Core/Src/syscalls.o
LOAD ./Core/Src/sysmem.o
LOAD ./Core/Src/system_stm32f4xx.o
LOAD ./Core/Startup/startup_stm32f413zhtx.o
LOAD ./Drivers/STM32F4xx_HAL_Driver/Src/stm32f4xx_hal.o
LOAD ./Drivers/STM32F4xx_HAL_Driver/Src/stm32f4xx_hal_cortex.o
LOAD ./Drivers/STM32F4xx_HAL_Driver/Src/stm32f4xx_hal_dma.o
LOAD ./Drivers/STM32F4xx_HAL_Driver/Src/stm32f4xx_hal_dma_ex.o
LOAD ./Drivers/STM32F4xx_HAL_Driver/Src/stm32f4xx_hal_exti.o
LOAD ./Drivers/STM32F4xx_HAL_Driver/Src/stm32f4xx_hal_flash.o
LOAD ./Drivers/STM32F4xx_HAL_Driver/Src/stm32f4xx_hal_flash_ex.o
LOAD ./Drivers/STM32F4xx_HAL_Driver/Src/stm32f4xx_hal_flash_ramfunc.o
LOAD ./Drivers/STM32F4xx_HAL_Driver/Src/stm32f4xx_hal_gpio.o
LOAD ./Drivers/STM32F4xx_HAL_Driver/Src/stm32f4xx_hal_i2c.o
LOAD ./Drivers/STM32F4xx_HAL_Driver/Src/stm32f4xx_hal_i2c_ex.o
LOAD ./Drivers/STM32F4xx_HAL_Driver/Src/stm32f4xx_hal_pcd.o
LOAD ./Drivers/STM32F4xx_HAL_Driver/Src/stm32f4xx_hal_pcd_ex.o
LOAD ./Drivers/STM32F4xx_HAL_Driver/Src/stm32f4xx_hal_pwr.o
LOAD ./Drivers/STM32F4xx_HAL_Driver/Src/stm32f4xx_hal_pwr_ex.o
LOAD ./Drivers/STM32F4xx_HAL_Driver/Src/stm32f4xx_hal_rcc.o
LOAD ./Drivers/STM32F4xx_HAL_Driver/Src/stm32f4xx_hal_rcc_ex.o
LOAD ./Drivers/STM32F4xx_HAL_Driver/Src/stm32f4xx_hal_spi.o
LOAD ./Drivers/STM32F4xx_HAL_Driver/Src/stm32f4xx_hal_tim.o
LOAD ./Drivers/STM32F4xx_HAL_Driver/Src/stm32f4xx_hal_tim_ex.o
LOAD ./Drivers/STM32F4xx_HAL_Driver/Src/stm32f4xx_hal_uart.o
LOAD ./Drivers/STM32F4xx_HAL_Driver/Src/stm32f4xx_ll_usb.o
LOAD ./Middlewares/ST/STM32_USB_Device_Library/Class/CDC/Src/usbd_cdc.o
LOAD ./Middlewares/ST/STM32_USB_Device_Library/Core/Src/usbd_core.o
LOAD ./Middlewares/ST/STM32_USB_Device_Library/Core/Src/usbd_ctlreq.o
LOAD ./Middlewares/ST/STM32_USB_Device_Library/Core/Src/usbd_ioreq.o
LOAD ./USB_DEVICE/App/usb_device.o
LOAD ./USB_DEVICE/App/usbd_cdc_if.o
LOAD ./USB_DEVICE/App/usbd_desc.o
LOAD ./USB_DEVICE/Target/usbd_conf.o
START GROUP
LOAD C:/ST/STM32CubeIDE_1.13.2/STM32CubeIDE/plugins/com.st.stm32cube.ide.mcu.externaltools.gnu-tools-for-stm32.11.3.rel1.win32_1.1.1.202309131626/tools/bin/../lib/gcc/arm-none-eabi/11.3.1/../../../../arm-none-eabi/lib/thumb/v7e-m+fp/hard\libstdc++_nano.a
LOAD C:/ST/STM32CubeIDE_1.13.2/STM32CubeIDE/plugins/com.st.stm32cube.ide.mcu.externaltools.gnu-tools-for-stm32.11.3.rel1.win32_1.1.1.202309131626/tools/bin/../lib/gcc/arm-none-eabi/11.3.1/../../../../arm-none-eabi/lib/thumb/v7e-m+fp/hard\libsupc++_nano.a
END GROUP
LOAD C:/ST/STM32CubeIDE_1.13.2/STM32CubeIDE/plugins/com.st.stm32cube.ide.mcu.externaltools.gnu-tools-for-stm32.11.3.rel1.win32_1.1.1.202309131626/tools/bin/../lib/gcc/arm-none-eabi/11.3.1/../../../../arm-none-eabi/lib/thumb/v7e-m+fp/hard\libstdc++_nano.a
LOAD C:/ST/STM32CubeIDE_1.13.2/STM32CubeIDE/plugins/com.st.stm32cube.ide.mcu.externaltools.gnu-tools-for-stm32.11.3.rel1.win32_1.1.1.202309131626/tools/bin/../lib/gcc/arm-none-eabi/11.3.1/../../../../arm-none-eabi/lib/thumb/v7e-m+fp/hard\libm.a
LOAD C:/ST/STM32CubeIDE_1.13.2/STM32CubeIDE/plugins/com.st.stm32cube.ide.mcu.externaltools.gnu-tools-for-stm32.11.3.rel1.win32_1.1.1.202309131626/tools/bin/../lib/gcc/arm-none-eabi/11.3.1/../../../../arm-none-eabi/lib/thumb/v7e-m+fp/hard\libc_nano.a
START GROUP
LOAD C:/ST/STM32CubeIDE_1.13.2/STM32CubeIDE/plugins/com.st.stm32cube.ide.mcu.externaltools.gnu-tools-for-stm32.11.3.rel1.win32_1.1.1.202309131626/tools/bin/../lib/gcc/arm-none-eabi/11.3.1/thumb/v7e-m+fp/hard\libgcc.a
LOAD C:/ST/STM32CubeIDE_1.13.2/STM32CubeIDE/plugins/com.st.stm32cube.ide.mcu.externaltools.gnu-tools-for-stm32.11.3.rel1.win32_1.1.1.202309131626/tools/bin/../lib/gcc/arm-none-eabi/11.3.1/../../../../arm-none-eabi/lib/thumb/v7e-m+fp/hard\libc_nano.a
END GROUP
START GROUP
LOAD C:/ST/STM32CubeIDE_1.13.2/STM32CubeIDE/plugins/com.st.stm32cube.ide.mcu.externaltools.gnu-tools-for-stm32.11.3.rel1.win32_1.1.1.202309131626/tools/bin/../lib/gcc/arm-none-eabi/11.3.1/thumb/v7e-m+fp/hard\libgcc.a
LOAD C:/ST/STM32CubeIDE_1.13.2/STM32CubeIDE/plugins/com.st.stm32cube.ide.mcu.externaltools.gnu-tools-for-stm32.11.3.rel1.win32_1.1.1.202309131626/tools/bin/../lib/gcc/arm-none-eabi/11.3.1/../../../../arm-none-eabi/lib/thumb/v7e-m+fp/hard\libc_nano.a
LOAD C:/ST/STM32CubeIDE_1.13.2/STM32CubeIDE/plugins/com.st.stm32cube.ide.mcu.externaltools.gnu-tools-for-stm32.11.3.rel1.win32_1.1.1.202309131626/tools/bin/../lib/gcc/arm-none-eabi/11.3.1/../../../../arm-none-eabi/lib/thumb/v7e-m+fp/hard\libnosys.a
END GROUP
START GROUP
LOAD C:/ST/STM32CubeIDE_1.13.2/STM32CubeIDE/plugins/com.st.stm32cube.ide.mcu.externaltools.gnu-tools-for-stm32.11.3.rel1.win32_1.1.1.202309131626/tools/bin/../lib/gcc/arm-none-eabi/11.3.1/thumb/v7e-m+fp/hard\libgcc.a
LOAD C:/ST/STM32CubeIDE_1.13.2/STM32CubeIDE/plugins/com.st.stm32cube.ide.mcu.externaltools.gnu-tools-for-stm32.11.3.rel1.win32_1.1.1.202309131626/tools/bin/../lib/gcc/arm-none-eabi/11.3.1/../../../../arm-none-eabi/lib/thumb/v7e-m+fp/hard\libc_nano.a
LOAD C:/ST/STM32CubeIDE_1.13.2/STM32CubeIDE/plugins/com.st.stm32cube.ide.mcu.externaltools.gnu-tools-for-stm32.11.3.rel1.win32_1.1.1.202309131626/tools/bin/../lib/gcc/arm-none-eabi/11.3.1/../../../../arm-none-eabi/lib/thumb/v7e-m+fp/hard\libnosys.a
END GROUP
LOAD C:/ST/STM32CubeIDE_1.13.2/STM32CubeIDE/plugins/com.st.stm32cube.ide.mcu.externaltools.gnu-tools-for-stm32.11.3.rel1.win32_1.1.1.202309131626/tools/bin/../lib/gcc/arm-none-eabi/11.3.1/thumb/v7e-m+fp/hard/crtend.o
LOAD C:/ST/STM32CubeIDE_1.13.2/STM32CubeIDE/plugins/com.st.stm32cube.ide.mcu.externaltools.gnu-tools-for-stm32.11.3.rel1.win32_1.1.1.202309131626/tools/bin/../lib/gcc/arm-none-eabi/11.3.1/thumb/v7e-m+fp/hard/crtn.o
                0x0000000020050000                _estack = (ORIGIN (RAM) + LENGTH (RAM))
                0x0000000000000200                _Min_Heap_Size = 0x200
                0x0000000000000400                _Min_Stack_Size = 0x400

.isr_vector     0x0000000008000000      0x1d8
                0x0000000008000000                . = ALIGN (0x4)
 *(.isr_vector)
 .isr_vector    0x0000000008000000      0x1d8 ./Core/Startup/startup_stm32f413zhtx.o
                0x0000000008000000                g_pfnVectors
                0x00000000080001d8                . = ALIGN (0x4)

.text           0x00000000080001e0     0xbe08
                0x00000000080001e0                . = ALIGN (0x4)
 *(.text)
 .text          0x00000000080001e0       0x40 C:/ST/STM32CubeIDE_1.13.2/STM32CubeIDE/plugins/com.st.stm32cube.ide.mcu.externaltools.gnu-tools-for-stm32.11.3.rel1.win32_1.1.1.202309131626/tools/bin/../lib/gcc/arm-none-eabi/11.3.1/thumb/v7e-m+fp/hard/crtbegin.o
 .text          0x0000000008000220       0xa0 C:/ST/STM32CubeIDE_1.13.2/STM32CubeIDE/plugins/com.st.stm32cube.ide.mcu.externaltools.gnu-tools-for-stm32.11.3.rel1.win32_1.1.1.202309131626/tools/bin/../lib/gcc/arm-none-eabi/11.3.1/../../../../arm-none-eabi/lib/thumb/v7e-m+fp/hard\libc_nano.a(libc_a-memchr.o)
                0x0000000008000220                memchr
 .text          0x00000000080002c0      0x378 C:/ST/STM32CubeIDE_1.13.2/STM32CubeIDE/plugins/com.st.stm32cube.ide.mcu.externaltools.gnu-tools-for-stm32.11.3.rel1.win32_1.1.1.202309131626/tools/bin/../lib/gcc/arm-none-eabi/11.3.1/thumb/v7e-m+fp/hard\libgcc.a(_arm_addsubdf3.o)
                0x00000000080002c0                __aeabi_drsub
                0x00000000080002c8                __aeabi_dsub
                0x00000000080002c8                __subdf3
                0x00000000080002cc                __aeabi_dadd
                0x00000000080002cc                __adddf3
                0x0000000008000544                __floatunsidf
                0x0000000008000544                __aeabi_ui2d
                0x0000000008000564                __floatsidf
                0x0000000008000564                __aeabi_i2d
                0x0000000008000588                __aeabi_f2d
                0x0000000008000588                __extendsfdf2
                0x00000000080005cc                __floatundidf
                0x00000000080005cc                __aeabi_ul2d
                0x00000000080005dc                __floatdidf
                0x00000000080005dc                __aeabi_l2d
 .text          0x0000000008000638      0x424 C:/ST/STM32CubeIDE_1.13.2/STM32CubeIDE/plugins/com.st.stm32cube.ide.mcu.externaltools.gnu-tools-for-stm32.11.3.rel1.win32_1.1.1.202309131626/tools/bin/../lib/gcc/arm-none-eabi/11.3.1/thumb/v7e-m+fp/hard\libgcc.a(_arm_muldivdf3.o)
                0x0000000008000638                __aeabi_dmul
                0x0000000008000638                __muldf3
                0x000000000800088c                __divdf3
                0x000000000800088c                __aeabi_ddiv
 .text          0x0000000008000a5c      0x110 C:/ST/STM32CubeIDE_1.13.2/STM32CubeIDE/plugins/com.st.stm32cube.ide.mcu.externaltools.gnu-tools-for-stm32.11.3.rel1.win32_1.1.1.202309131626/tools/bin/../lib/gcc/arm-none-eabi/11.3.1/thumb/v7e-m+fp/hard\libgcc.a(_arm_cmpdf2.o)
                0x0000000008000a5c                __gtdf2
                0x0000000008000a5c                __gedf2
                0x0000000008000a64                __ltdf2
                0x0000000008000a64                __ledf2
                0x0000000008000a6c                __nedf2
                0x0000000008000a6c                __eqdf2
                0x0000000008000a6c                __cmpdf2
                0x0000000008000ae8                __aeabi_cdrcmple
                0x0000000008000af8                __aeabi_cdcmpeq
                0x0000000008000af8                __aeabi_cdcmple
                0x0000000008000b08                __aeabi_dcmpeq
                0x0000000008000b1c                __aeabi_dcmplt
                0x0000000008000b30                __aeabi_dcmple
                0x0000000008000b44                __aeabi_dcmpge
                0x0000000008000b58                __aeabi_dcmpgt
 .text          0x0000000008000b6c       0x2c C:/ST/STM32CubeIDE_1.13.2/STM32CubeIDE/plugins/com.st.stm32cube.ide.mcu.externaltools.gnu-tools-for-stm32.11.3.rel1.win32_1.1.1.202309131626/tools/bin/../lib/gcc/arm-none-eabi/11.3.1/thumb/v7e-m+fp/hard\libgcc.a(_arm_unorddf2.o)
                0x0000000008000b6c                __unorddf2
                0x0000000008000b6c                __aeabi_dcmpun
 .text          0x0000000008000b98       0xa0 C:/ST/STM32CubeIDE_1.13.2/STM32CubeIDE/plugins/com.st.stm32cube.ide.mcu.externaltools.gnu-tools-for-stm32.11.3.rel1.win32_1.1.1.202309131626/tools/bin/../lib/gcc/arm-none-eabi/11.3.1/thumb/v7e-m+fp/hard\libgcc.a(_arm_truncdfsf2.o)
                0x0000000008000b98                __truncdfsf2
                0x0000000008000b98                __aeabi_d2f
 .text          0x0000000008000c38       0x30 C:/ST/STM32CubeIDE_1.13.2/STM32CubeIDE/plugins/com.st.stm32cube.ide.mcu.externaltools.gnu-tools-for-stm32.11.3.rel1.win32_1.1.1.202309131626/tools/bin/../lib/gcc/arm-none-eabi/11.3.1/thumb/v7e-m+fp/hard\libgcc.a(_aeabi_uldivmod.o)
                0x0000000008000c38                __aeabi_uldivmod
 .text          0x0000000008000c68      0x2c8 C:/ST/STM32CubeIDE_1.13.2/STM32CubeIDE/plugins/com.st.stm32cube.ide.mcu.externaltools.gnu-tools-for-stm32.11.3.rel1.win32_1.1.1.202309131626/tools/bin/../lib/gcc/arm-none-eabi/11.3.1/thumb/v7e-m+fp/hard\libgcc.a(_udivmoddi4.o)
                0x0000000008000c68                __udivmoddi4
 .text          0x0000000008000f30        0x4 C:/ST/STM32CubeIDE_1.13.2/STM32CubeIDE/plugins/com.st.stm32cube.ide.mcu.externaltools.gnu-tools-for-stm32.11.3.rel1.win32_1.1.1.202309131626/tools/bin/../lib/gcc/arm-none-eabi/11.3.1/thumb/v7e-m+fp/hard\libgcc.a(_dvmd_tls.o)
                0x0000000008000f30                __aeabi_idiv0
                0x0000000008000f30                __aeabi_ldiv0
 *(.text*)
 .text._ZN6BMI160C2EtP13I2C_Callbacks
                0x0000000008000f34       0x2e ./Bsp/Src/IMU/BMI160.o
                0x0000000008000f34                BMI160::BMI160(unsigned short, I2C_Callbacks*)
                0x0000000008000f34                BMI160::BMI160(unsigned short, I2C_Callbacks*)
 .text._ZN6BMI1604initEP13BMI160_Config
                0x0000000008000f62       0xae ./Bsp/Src/IMU/BMI160.o
                0x0000000008000f62                BMI160::init(BMI160_Config*)
 .text._ZN6BMI16010readChipIDEv
                0x0000000008001010       0x24 ./Bsp/Src/IMU/BMI160.o
                0x0000000008001010                BMI160::readChipID()
 .text._ZN6BMI1609softResetEv
                0x0000000008001034       0x1c ./Bsp/Src/IMU/BMI160.o
                0x0000000008001034                BMI160::softReset()
 .text._ZN6BMI16020powerUpAccelerometerEv
                0x0000000008001050       0x56 ./Bsp/Src/IMU/BMI160.o
                0x0000000008001050                BMI160::powerUpAccelerometer()
 .text._ZN6BMI16016powerUpGyroscopeEv
                0x00000000080010a6       0x56 ./Bsp/Src/IMU/BMI160.o
                0x00000000080010a6                BMI160::powerUpGyroscope()
 .text._ZN6BMI16013checkSensorIDEv
                0x00000000080010fc       0x3a ./Bsp/Src/IMU/BMI160.o
                0x00000000080010fc                BMI160::checkSensorID()
 .text._ZN6BMI1608readGyroEPsS0_S0_
                0x0000000008001136       0x62 ./Bsp/Src/IMU/BMI160.o
                0x0000000008001136                BMI160::readGyro(short*, short*, short*)
 .text._ZN6BMI16022getAccelerometerAnglesEv
                0x0000000008001198      0x118 ./Bsp/Src/IMU/BMI160.o
                0x0000000008001198                BMI160::getAccelerometerAngles()
 .text._ZN6BMI16014scaledGyroDataEv
                0x00000000080012b0      0x208 ./Bsp/Src/IMU/BMI160.o
                0x00000000080012b0                BMI160::scaledGyroData()
 .text._ZN6BMI16017readAccelerometerEPsS0_S0_
                0x00000000080014b8       0x66 ./Bsp/Src/IMU/BMI160.o
                0x00000000080014b8                BMI160::readAccelerometer(short*, short*, short*)
 .text._ZN6BMI16011setGyroRateE14BMI160GyroRate
                0x000000000800151e       0x26 ./Bsp/Src/IMU/BMI160.o
                0x000000000800151e                BMI160::setGyroRate(BMI160GyroRate)
 .text._ZN6BMI16012setAccelRateE15BMI160AccelRate
                0x0000000008001544       0x26 ./Bsp/Src/IMU/BMI160.o
                0x0000000008001544                BMI160::setAccelRate(BMI160AccelRate)
 .text._ZN6BMI16015setGyroDLPFModeE14BMI160DLPFMode
                0x000000000800156a       0x26 ./Bsp/Src/IMU/BMI160.o
                0x000000000800156a                BMI160::setGyroDLPFMode(BMI160DLPFMode)
 .text._ZN6BMI16016setAccelDLPFModeE14BMI160DLPFMode
                0x0000000008001590       0x26 ./Bsp/Src/IMU/BMI160.o
                0x0000000008001590                BMI160::setAccelDLPFMode(BMI160DLPFMode)
 .text._ZN6BMI16021setFullScaleGyroRangeE15BMI160GyroRange
                0x00000000080015b6       0x2c ./Bsp/Src/IMU/BMI160.o
                0x00000000080015b6                BMI160::setFullScaleGyroRange(BMI160GyroRange)
 .text._ZN6BMI16022setFullScaleAccelRangeE16BMI160AccelRange
                0x00000000080015e2       0x2c ./Bsp/Src/IMU/BMI160.o
                0x00000000080015e2                BMI160::setFullScaleAccelRange(BMI160AccelRange)
 .text._ZN6BMI16021setAccelOffsetEnabledEh
                0x000000000800160e       0x30 ./Bsp/Src/IMU/BMI160.o
                0x000000000800160e                BMI160::setAccelOffsetEnabled(unsigned char)
 .text._ZN6BMI16020setGyroOffsetEnabledEh
                0x000000000800163e       0x30 ./Bsp/Src/IMU/BMI160.o
                0x000000000800163e                BMI160::setGyroOffsetEnabled(unsigned char)
 .text._ZN6BMI16017writeRegisterBitsEhhjj
                0x000000000800166e       0x8a ./Bsp/Src/IMU/BMI160.o
                0x000000000800166e                BMI160::writeRegisterBits(unsigned char, unsigned char, unsigned int, unsigned int)
 .text._ZN6BMI16011readRegBitsEhjj
                0x00000000080016f8       0x5e ./Bsp/Src/IMU/BMI160.o
                0x00000000080016f8                BMI160::readRegBits(unsigned char, unsigned int, unsigned int)
 .text._ZN6BMI16013writeRegisterEhh
                0x0000000008001756       0x36 ./Bsp/Src/IMU/BMI160.o
                0x0000000008001756                BMI160::writeRegister(unsigned char, unsigned char)
 .text._ZN6BMI16012readRegisterEhhPh
                0x000000000800178c       0x44 ./Bsp/Src/IMU/BMI160.o
                0x000000000800178c                BMI160::readRegister(unsigned char, unsigned char, unsigned char*)
 .text._ZSt4sqrtIlEN9__gnu_cxx11__enable_ifIXsrSt12__is_integerIT_E7__valueEdE6__typeES3_
                0x00000000080017d0       0x30 ./Bsp/Src/IMU/BMI160.o
                0x00000000080017d0                __gnu_cxx::__enable_if<std::__is_integer<long>::__value, double>::__type std::sqrt<long>(long)
 .text._ZSt5atan2IsdEN9__gnu_cxx11__promote_2IT_T0_NS0_9__promoteIS2_XsrSt12__is_integerIS2_E7__valueEE6__typeENS4_IS3_XsrS5_IS3_E7__valueEE6__typeEE6__typeES2_S3_
                0x0000000008001800       0x3e ./Bsp/Src/IMU/BMI160.o
                0x0000000008001800                __gnu_cxx::__promote_2<short, double, __gnu_cxx::__promote<short, std::__is_integer<short>::__value>::__type, __gnu_cxx::__promote<double, std::__is_integer<double>::__value>::__type>::__type std::atan2<short, double>(short, double)
 *fill*         0x000000000800183e        0x2 
 .text._Z9kalman_1dffff
                0x0000000008001840      0x108 ./Core/Src/cppMain.o
                0x0000000008001840                kalman_1d(float, float, float, float)
 .text._Z12BMI160_Delaym
                0x0000000008001948       0x18 ./Core/Src/cppMain.o
                0x0000000008001948                BMI160_Delay(unsigned long)
 .text._Z15BMI160_TransmittPht
                0x0000000008001960       0x40 ./Core/Src/cppMain.o
                0x0000000008001960                BMI160_Transmit(unsigned short, unsigned char*, unsigned short)
 .text._Z14BMI160_ReceivetPht
                0x00000000080019a0       0x40 ./Core/Src/cppMain.o
                0x00000000080019a0                BMI160_Receive(unsigned short, unsigned char*, unsigned short)
 .text.DefaultTask
                0x00000000080019e0      0x178 ./Core/Src/cppMain.o
                0x00000000080019e0                DefaultTask
 .text.main     0x0000000008001b58       0x2a ./Core/Src/main.o
                0x0000000008001b58                main
 *fill*         0x0000000008001b82        0x2 
 .text.SystemClock_Config
                0x0000000008001b84       0xd8 ./Core/Src/main.o
                0x0000000008001b84                SystemClock_Config
 .text.MX_I2C1_Init
                0x0000000008001c5c       0x5c ./Core/Src/main.o
 .text.MX_SPI1_Init
                0x0000000008001cb8       0x70 ./Core/Src/main.o
 .text.MX_USART3_UART_Init
                0x0000000008001d28       0x54 ./Core/Src/main.o
 .text.MX_USART6_UART_Init
                0x0000000008001d7c       0x54 ./Core/Src/main.o
 .text.MX_GPIO_Init
                0x0000000008001dd0      0x1e4 ./Core/Src/main.o
 .text.HAL_TIM_PeriodElapsedCallback
                0x0000000008001fb4       0x24 ./Core/Src/main.o
                0x0000000008001fb4                HAL_TIM_PeriodElapsedCallback
 .text.Error_Handler
                0x0000000008001fd8        0xa ./Core/Src/main.o
                0x0000000008001fd8                Error_Handler
 *fill*         0x0000000008001fe2        0x2 
 .text.HAL_MspInit
                0x0000000008001fe4       0x50 ./Core/Src/stm32f4xx_hal_msp.o
                0x0000000008001fe4                HAL_MspInit
 .text.HAL_I2C_MspInit
                0x0000000008002034       0x90 ./Core/Src/stm32f4xx_hal_msp.o
                0x0000000008002034                HAL_I2C_MspInit
 .text.HAL_SPI_MspInit
                0x00000000080020c4       0x90 ./Core/Src/stm32f4xx_hal_msp.o
                0x00000000080020c4                HAL_SPI_MspInit
 .text.HAL_UART_MspInit
                0x0000000008002154      0x100 ./Core/Src/stm32f4xx_hal_msp.o
                0x0000000008002154                HAL_UART_MspInit
 .text.HAL_InitTick
                0x0000000008002254       0xf8 ./Core/Src/stm32f4xx_hal_timebase_tim.o
                0x0000000008002254                HAL_InitTick
 .text.NMI_Handler
                0x000000000800234c        0x6 ./Core/Src/stm32f4xx_it.o
                0x000000000800234c                NMI_Handler
 .text.HardFault_Handler
                0x0000000008002352        0x6 ./Core/Src/stm32f4xx_it.o
                0x0000000008002352                HardFault_Handler
 .text.MemManage_Handler
                0x0000000008002358        0x6 ./Core/Src/stm32f4xx_it.o
                0x0000000008002358                MemManage_Handler
 .text.BusFault_Handler
                0x000000000800235e        0x6 ./Core/Src/stm32f4xx_it.o
                0x000000000800235e                BusFault_Handler
 .text.UsageFault_Handler
                0x0000000008002364        0x6 ./Core/Src/stm32f4xx_it.o
                0x0000000008002364                UsageFault_Handler
 .text.SVC_Handler
                0x000000000800236a        0xe ./Core/Src/stm32f4xx_it.o
                0x000000000800236a                SVC_Handler
 .text.DebugMon_Handler
                0x0000000008002378        0xe ./Core/Src/stm32f4xx_it.o
                0x0000000008002378                DebugMon_Handler
 .text.PendSV_Handler
                0x0000000008002386        0xe ./Core/Src/stm32f4xx_it.o
                0x0000000008002386                PendSV_Handler
 .text.SysTick_Handler
                0x0000000008002394        0xe ./Core/Src/stm32f4xx_it.o
                0x0000000008002394                SysTick_Handler
 .text.EXTI15_10_IRQHandler
                0x00000000080023a2       0x10 ./Core/Src/stm32f4xx_it.o
                0x00000000080023a2                EXTI15_10_IRQHandler
 *fill*         0x00000000080023b2        0x2 
 .text.TIM6_DAC_IRQHandler
                0x00000000080023b4       0x14 ./Core/Src/stm32f4xx_it.o
                0x00000000080023b4                TIM6_DAC_IRQHandler
 .text.OTG_FS_IRQHandler
                0x00000000080023c8       0x14 ./Core/Src/stm32f4xx_it.o
                0x00000000080023c8                OTG_FS_IRQHandler
 .text._getpid  0x00000000080023dc       0x10 ./Core/Src/syscalls.o
                0x00000000080023dc                _getpid
 .text._kill    0x00000000080023ec       0x20 ./Core/Src/syscalls.o
                0x00000000080023ec                _kill
 .text._exit    0x000000000800240c       0x14 ./Core/Src/syscalls.o
                0x000000000800240c                _exit
 .text._sbrk    0x0000000008002420       0x6c ./Core/Src/sysmem.o
                0x0000000008002420                _sbrk
 .text.SystemInit
                0x000000000800248c       0x24 ./Core/Src/system_stm32f4xx.o
                0x000000000800248c                SystemInit
 .text.Reset_Handler
                0x00000000080024b0       0x50 ./Core/Startup/startup_stm32f413zhtx.o
                0x00000000080024b0                Reset_Handler
 .text.Default_Handler
                0x0000000008002500        0x2 ./Core/Startup/startup_stm32f413zhtx.o
                0x0000000008002500                RTC_Alarm_IRQHandler
                0x0000000008002500                EXTI2_IRQHandler
                0x0000000008002500                TIM8_CC_IRQHandler
                0x0000000008002500                UART8_IRQHandler
                0x0000000008002500                FMPI2C1_EV_IRQHandler
                0x0000000008002500                SPI4_IRQHandler
                0x0000000008002500                TIM1_CC_IRQHandler
                0x0000000008002500                DMA2_Stream5_IRQHandler
                0x0000000008002500                DMA1_Stream5_IRQHandler
                0x0000000008002500                CAN3_RX1_IRQHandler
                0x0000000008002500                PVD_IRQHandler
                0x0000000008002500                SDIO_IRQHandler
                0x0000000008002500                TAMP_STAMP_IRQHandler
                0x0000000008002500                CAN2_RX1_IRQHandler
                0x0000000008002500                EXTI3_IRQHandler
                0x0000000008002500                TIM8_TRG_COM_TIM14_IRQHandler
                0x0000000008002500                DFSDM1_FLT1_IRQHandler
                0x0000000008002500                TIM1_UP_TIM10_IRQHandler
                0x0000000008002500                TIM8_UP_TIM13_IRQHandler
                0x0000000008002500                I2C3_ER_IRQHandler
                0x0000000008002500                EXTI0_IRQHandler
                0x0000000008002500                I2C2_EV_IRQHandler
                0x0000000008002500                DMA1_Stream2_IRQHandler
                0x0000000008002500                CAN1_RX0_IRQHandler
                0x0000000008002500                FPU_IRQHandler
                0x0000000008002500                CAN3_SCE_IRQHandler
                0x0000000008002500                CAN2_SCE_IRQHandler
                0x0000000008002500                DMA2_Stream2_IRQHandler
                0x0000000008002500                SPI1_IRQHandler
                0x0000000008002500                TIM1_BRK_TIM9_IRQHandler
                0x0000000008002500                CAN2_RX0_IRQHandler
                0x0000000008002500                DMA2_Stream3_IRQHandler
                0x0000000008002500                USART6_IRQHandler
                0x0000000008002500                CAN3_RX0_IRQHandler
                0x0000000008002500                USART3_IRQHandler
                0x0000000008002500                DFSDM2_FLT3_IRQHandler
                0x0000000008002500                CAN1_RX1_IRQHandler
                0x0000000008002500                UART5_IRQHandler
                0x0000000008002500                DMA2_Stream0_IRQHandler
                0x0000000008002500                TIM4_IRQHandler
                0x0000000008002500                QUADSPI_IRQHandler
                0x0000000008002500                I2C1_EV_IRQHandler
                0x0000000008002500                DMA1_Stream6_IRQHandler
                0x0000000008002500                DMA1_Stream1_IRQHandler
                0x0000000008002500                UART4_IRQHandler
                0x0000000008002500                TIM3_IRQHandler
                0x0000000008002500                RCC_IRQHandler
                0x0000000008002500                UART9_IRQHandler
                0x0000000008002500                TIM8_BRK_TIM12_IRQHandler
                0x0000000008002500                Default_Handler
                0x0000000008002500                ADC_IRQHandler
                0x0000000008002500                DMA1_Stream7_IRQHandler
                0x0000000008002500                DFSDM2_FLT0_IRQHandler
                0x0000000008002500                SPI5_IRQHandler
                0x0000000008002500                TIM7_IRQHandler
                0x0000000008002500                CAN2_TX_IRQHandler
                0x0000000008002500                TIM5_IRQHandler
                0x0000000008002500                DMA2_Stream7_IRQHandler
                0x0000000008002500                I2C3_EV_IRQHandler
                0x0000000008002500                DFSDM2_FLT2_IRQHandler
                0x0000000008002500                EXTI9_5_IRQHandler
                0x0000000008002500                RTC_WKUP_IRQHandler
                0x0000000008002500                SPI2_IRQHandler
                0x0000000008002500                DMA1_Stream0_IRQHandler
                0x0000000008002500                CAN1_TX_IRQHandler
                0x0000000008002500                FMPI2C1_ER_IRQHandler
                0x0000000008002500                EXTI4_IRQHandler
                0x0000000008002500                DFSDM2_FLT1_IRQHandler
                0x0000000008002500                RNG_IRQHandler
                0x0000000008002500                FSMC_IRQHandler
                0x0000000008002500                WWDG_IRQHandler
                0x0000000008002500                CAN3_TX_IRQHandler
                0x0000000008002500                TIM2_IRQHandler
                0x0000000008002500                OTG_FS_WKUP_IRQHandler
                0x0000000008002500                TIM1_TRG_COM_TIM11_IRQHandler
                0x0000000008002500                EXTI1_IRQHandler
                0x0000000008002500                UART7_IRQHandler
                0x0000000008002500                USART2_IRQHandler
                0x0000000008002500                DFSDM1_FLT0_IRQHandler
                0x0000000008002500                I2C2_ER_IRQHandler
                0x0000000008002500                DMA2_Stream1_IRQHandler
                0x0000000008002500                CAN1_SCE_IRQHandler
                0x0000000008002500                FLASH_IRQHandler
                0x0000000008002500                DMA2_Stream4_IRQHandler
                0x0000000008002500                USART1_IRQHandler
                0x0000000008002500                SPI3_IRQHandler
                0x0000000008002500                DMA1_Stream4_IRQHandler
                0x0000000008002500                I2C1_ER_IRQHandler
                0x0000000008002500                LPTIM1_IRQHandler
                0x0000000008002500                DMA2_Stream6_IRQHandler
                0x0000000008002500                UART10_IRQHandler
                0x0000000008002500                SAI1_IRQHandler
                0x0000000008002500                DMA1_Stream3_IRQHandler
 *fill*         0x0000000008002502        0x2 
 .text.HAL_Init
                0x0000000008002504       0x44 ./Drivers/STM32F4xx_HAL_Driver/Src/stm32f4xx_hal.o
                0x0000000008002504                HAL_Init
 .text.HAL_IncTick
                0x0000000008002548       0x28 ./Drivers/STM32F4xx_HAL_Driver/Src/stm32f4xx_hal.o
                0x0000000008002548                HAL_IncTick
 .text.HAL_GetTick
                0x0000000008002570       0x18 ./Drivers/STM32F4xx_HAL_Driver/Src/stm32f4xx_hal.o
                0x0000000008002570                HAL_GetTick
 .text.HAL_Delay
                0x0000000008002588       0x48 ./Drivers/STM32F4xx_HAL_Driver/Src/stm32f4xx_hal.o
                0x0000000008002588                HAL_Delay
 .text.__NVIC_SetPriorityGrouping
                0x00000000080025d0       0x48 ./Drivers/STM32F4xx_HAL_Driver/Src/stm32f4xx_hal_cortex.o
 .text.__NVIC_GetPriorityGrouping
                0x0000000008002618       0x1c ./Drivers/STM32F4xx_HAL_Driver/Src/stm32f4xx_hal_cortex.o
 .text.__NVIC_EnableIRQ
                0x0000000008002634       0x3c ./Drivers/STM32F4xx_HAL_Driver/Src/stm32f4xx_hal_cortex.o
 .text.__NVIC_SetPriority
                0x0000000008002670       0x54 ./Drivers/STM32F4xx_HAL_Driver/Src/stm32f4xx_hal_cortex.o
 .text.NVIC_EncodePriority
                0x00000000080026c4       0x66 ./Drivers/STM32F4xx_HAL_Driver/Src/stm32f4xx_hal_cortex.o
 .text.HAL_NVIC_SetPriorityGrouping
                0x000000000800272a       0x16 ./Drivers/STM32F4xx_HAL_Driver/Src/stm32f4xx_hal_cortex.o
                0x000000000800272a                HAL_NVIC_SetPriorityGrouping
 .text.HAL_NVIC_SetPriority
                0x0000000008002740       0x38 ./Drivers/STM32F4xx_HAL_Driver/Src/stm32f4xx_hal_cortex.o
                0x0000000008002740                HAL_NVIC_SetPriority
 .text.HAL_NVIC_EnableIRQ
                0x0000000008002778       0x1c ./Drivers/STM32F4xx_HAL_Driver/Src/stm32f4xx_hal_cortex.o
                0x0000000008002778                HAL_NVIC_EnableIRQ
 .text.HAL_GPIO_Init
                0x0000000008002794      0x328 ./Drivers/STM32F4xx_HAL_Driver/Src/stm32f4xx_hal_gpio.o
                0x0000000008002794                HAL_GPIO_Init
 .text.HAL_GPIO_WritePin
                0x0000000008002abc       0x32 ./Drivers/STM32F4xx_HAL_Driver/Src/stm32f4xx_hal_gpio.o
                0x0000000008002abc                HAL_GPIO_WritePin
 *fill*         0x0000000008002aee        0x2 
 .text.HAL_GPIO_EXTI_IRQHandler
                0x0000000008002af0       0x30 ./Drivers/STM32F4xx_HAL_Driver/Src/stm32f4xx_hal_gpio.o
                0x0000000008002af0                HAL_GPIO_EXTI_IRQHandler
 .text.HAL_GPIO_EXTI_Callback
                0x0000000008002b20       0x16 ./Drivers/STM32F4xx_HAL_Driver/Src/stm32f4xx_hal_gpio.o
                0x0000000008002b20                HAL_GPIO_EXTI_Callback
 *fill*         0x0000000008002b36        0x2 
 .text.HAL_I2C_Init
                0x0000000008002b38      0x288 ./Drivers/STM32F4xx_HAL_Driver/Src/stm32f4xx_hal_i2c.o
                0x0000000008002b38                HAL_I2C_Init
 .text.HAL_I2C_Master_Transmit
                0x0000000008002dc0      0x1fc ./Drivers/STM32F4xx_HAL_Driver/Src/stm32f4xx_hal_i2c.o
                0x0000000008002dc0                HAL_I2C_Master_Transmit
 .text.HAL_I2C_Master_Receive
                0x0000000008002fbc      0x44c ./Drivers/STM32F4xx_HAL_Driver/Src/stm32f4xx_hal_i2c.o
                0x0000000008002fbc                HAL_I2C_Master_Receive
 .text.I2C_MasterRequestWrite
                0x0000000008003408      0x104 ./Drivers/STM32F4xx_HAL_Driver/Src/stm32f4xx_hal_i2c.o
 .text.I2C_MasterRequestRead
                0x000000000800350c      0x19c ./Drivers/STM32F4xx_HAL_Driver/Src/stm32f4xx_hal_i2c.o
 .text.I2C_WaitOnFlagUntilTimeout
                0x00000000080036a8       0xae ./Drivers/STM32F4xx_HAL_Driver/Src/stm32f4xx_hal_i2c.o
 .text.I2C_WaitOnMasterAddressFlagUntilTimeout
                0x0000000008003756       0xfe ./Drivers/STM32F4xx_HAL_Driver/Src/stm32f4xx_hal_i2c.o
 .text.I2C_WaitOnTXEFlagUntilTimeout
                0x0000000008003854       0x82 ./Drivers/STM32F4xx_HAL_Driver/Src/stm32f4xx_hal_i2c.o
 .text.I2C_WaitOnBTFFlagUntilTimeout
                0x00000000080038d6       0x82 ./Drivers/STM32F4xx_HAL_Driver/Src/stm32f4xx_hal_i2c.o
 .text.I2C_WaitOnRXNEFlagUntilTimeout
                0x0000000008003958       0xac ./Drivers/STM32F4xx_HAL_Driver/Src/stm32f4xx_hal_i2c.o
 .text.I2C_IsAcknowledgeFailed
                0x0000000008003a04       0x5e ./Drivers/STM32F4xx_HAL_Driver/Src/stm32f4xx_hal_i2c.o
 .text.HAL_PCD_Init
                0x0000000008003a62      0x248 ./Drivers/STM32F4xx_HAL_Driver/Src/stm32f4xx_hal_pcd.o
                0x0000000008003a62                HAL_PCD_Init
 .text.HAL_PCD_Start
                0x0000000008003caa       0x66 ./Drivers/STM32F4xx_HAL_Driver/Src/stm32f4xx_hal_pcd.o
                0x0000000008003caa                HAL_PCD_Start
 .text.HAL_PCD_IRQHandler
                0x0000000008003d10      0x998 ./Drivers/STM32F4xx_HAL_Driver/Src/stm32f4xx_hal_pcd.o
                0x0000000008003d10                HAL_PCD_IRQHandler
 .text.HAL_PCD_SetAddress
                0x00000000080046a8       0x4a ./Drivers/STM32F4xx_HAL_Driver/Src/stm32f4xx_hal_pcd.o
                0x00000000080046a8                HAL_PCD_SetAddress
 .text.HAL_PCD_EP_Open
                0x00000000080046f2       0xd0 ./Drivers/STM32F4xx_HAL_Driver/Src/stm32f4xx_hal_pcd.o
                0x00000000080046f2                HAL_PCD_EP_Open
 .text.HAL_PCD_EP_Close
                0x00000000080047c2       0x94 ./Drivers/STM32F4xx_HAL_Driver/Src/stm32f4xx_hal_pcd.o
                0x00000000080047c2                HAL_PCD_EP_Close
 .text.HAL_PCD_EP_Receive
                0x0000000008004856       0x96 ./Drivers/STM32F4xx_HAL_Driver/Src/stm32f4xx_hal_pcd.o
                0x0000000008004856                HAL_PCD_EP_Receive
 .text.HAL_PCD_EP_GetRxCount
                0x00000000080048ec       0x30 ./Drivers/STM32F4xx_HAL_Driver/Src/stm32f4xx_hal_pcd.o
                0x00000000080048ec                HAL_PCD_EP_GetRxCount
 .text.HAL_PCD_EP_Transmit
                0x000000000800491c       0x94 ./Drivers/STM32F4xx_HAL_Driver/Src/stm32f4xx_hal_pcd.o
                0x000000000800491c                HAL_PCD_EP_Transmit
 .text.HAL_PCD_EP_SetStall
                0x00000000080049b0       0xc8 ./Drivers/STM32F4xx_HAL_Driver/Src/stm32f4xx_hal_pcd.o
                0x00000000080049b0                HAL_PCD_EP_SetStall
 .text.HAL_PCD_EP_ClrStall
                0x0000000008004a78       0xac ./Drivers/STM32F4xx_HAL_Driver/Src/stm32f4xx_hal_pcd.o
                0x0000000008004a78                HAL_PCD_EP_ClrStall
 .text.HAL_PCD_EP_Abort
                0x0000000008004b24       0x62 ./Drivers/STM32F4xx_HAL_Driver/Src/stm32f4xx_hal_pcd.o
                0x0000000008004b24                HAL_PCD_EP_Abort
 .text.PCD_WriteEmptyTxFifo
                0x0000000008004b86      0x11a ./Drivers/STM32F4xx_HAL_Driver/Src/stm32f4xx_hal_pcd.o
 .text.PCD_EP_OutXfrComplete_int
                0x0000000008004ca0      0x1d0 ./Drivers/STM32F4xx_HAL_Driver/Src/stm32f4xx_hal_pcd.o
 .text.PCD_EP_OutSetupPacket_int
                0x0000000008004e70       0x8c ./Drivers/STM32F4xx_HAL_Driver/Src/stm32f4xx_hal_pcd.o
 .text.HAL_PCDEx_SetTxFiFo
                0x0000000008004efc       0x8e ./Drivers/STM32F4xx_HAL_Driver/Src/stm32f4xx_hal_pcd_ex.o
                0x0000000008004efc                HAL_PCDEx_SetTxFiFo
 .text.HAL_PCDEx_SetRxFiFo
                0x0000000008004f8a       0x22 ./Drivers/STM32F4xx_HAL_Driver/Src/stm32f4xx_hal_pcd_ex.o
                0x0000000008004f8a                HAL_PCDEx_SetRxFiFo
 .text.HAL_PCDEx_ActivateLPM
                0x0000000008004fac       0x48 ./Drivers/STM32F4xx_HAL_Driver/Src/stm32f4xx_hal_pcd_ex.o
                0x0000000008004fac                HAL_PCDEx_ActivateLPM
 .text.HAL_PCDEx_LPM_Callback
                0x0000000008004ff4       0x18 ./Drivers/STM32F4xx_HAL_Driver/Src/stm32f4xx_hal_pcd_ex.o
                0x0000000008004ff4                HAL_PCDEx_LPM_Callback
 .text.HAL_RCC_ClockConfig
                0x000000000800500c      0x1cc ./Drivers/STM32F4xx_HAL_Driver/Src/stm32f4xx_hal_rcc.o
                0x000000000800500c                HAL_RCC_ClockConfig
 .text.HAL_RCC_GetSysClockFreq
                0x00000000080051d8      0x20c ./Drivers/STM32F4xx_HAL_Driver/Src/stm32f4xx_hal_rcc.o
                0x00000000080051d8                HAL_RCC_GetSysClockFreq
 .text.HAL_RCC_GetHCLKFreq
                0x00000000080053e4       0x18 ./Drivers/STM32F4xx_HAL_Driver/Src/stm32f4xx_hal_rcc.o
                0x00000000080053e4                HAL_RCC_GetHCLKFreq
 .text.HAL_RCC_GetPCLK1Freq
                0x00000000080053fc       0x28 ./Drivers/STM32F4xx_HAL_Driver/Src/stm32f4xx_hal_rcc.o
                0x00000000080053fc                HAL_RCC_GetPCLK1Freq
 .text.HAL_RCC_GetPCLK2Freq
                0x0000000008005424       0x28 ./Drivers/STM32F4xx_HAL_Driver/Src/stm32f4xx_hal_rcc.o
                0x0000000008005424                HAL_RCC_GetPCLK2Freq
 .text.HAL_RCC_GetClockConfig
                0x000000000800544c       0x64 ./Drivers/STM32F4xx_HAL_Driver/Src/stm32f4xx_hal_rcc.o
                0x000000000800544c                HAL_RCC_GetClockConfig
 .text.HAL_RCCEx_PeriphCLKConfig
                0x00000000080054b0      0x518 ./Drivers/STM32F4xx_HAL_Driver/Src/stm32f4xx_hal_rcc_ex.o
                0x00000000080054b0                HAL_RCCEx_PeriphCLKConfig
 .text.HAL_RCC_OscConfig
                0x00000000080059c8      0x508 ./Drivers/STM32F4xx_HAL_Driver/Src/stm32f4xx_hal_rcc_ex.o
                0x00000000080059c8                HAL_RCC_OscConfig
 .text.HAL_SPI_Init
                0x0000000008005ed0      0x112 ./Drivers/STM32F4xx_HAL_Driver/Src/stm32f4xx_hal_spi.o
                0x0000000008005ed0                HAL_SPI_Init
 .text.HAL_TIM_Base_Init
                0x0000000008005fe2       0x9e ./Drivers/STM32F4xx_HAL_Driver/Src/stm32f4xx_hal_tim.o
                0x0000000008005fe2                HAL_TIM_Base_Init
 .text.HAL_TIM_Base_MspInit
                0x0000000008006080       0x14 ./Drivers/STM32F4xx_HAL_Driver/Src/stm32f4xx_hal_tim.o
                0x0000000008006080                HAL_TIM_Base_MspInit
 .text.HAL_TIM_Base_Start_IT
                0x0000000008006094       0xe0 ./Drivers/STM32F4xx_HAL_Driver/Src/stm32f4xx_hal_tim.o
                0x0000000008006094                HAL_TIM_Base_Start_IT
 .text.HAL_TIM_IRQHandler
                0x0000000008006174      0x210 ./Drivers/STM32F4xx_HAL_Driver/Src/stm32f4xx_hal_tim.o
                0x0000000008006174                HAL_TIM_IRQHandler
 .text.HAL_TIM_OC_DelayElapsedCallback
                0x0000000008006384       0x14 ./Drivers/STM32F4xx_HAL_Driver/Src/stm32f4xx_hal_tim.o
                0x0000000008006384                HAL_TIM_OC_DelayElapsedCallback
 .text.HAL_TIM_IC_CaptureCallback
                0x0000000008006398       0x14 ./Drivers/STM32F4xx_HAL_Driver/Src/stm32f4xx_hal_tim.o
                0x0000000008006398                HAL_TIM_IC_CaptureCallback
 .text.HAL_TIM_PWM_PulseFinishedCallback
                0x00000000080063ac       0x14 ./Drivers/STM32F4xx_HAL_Driver/Src/stm32f4xx_hal_tim.o
                0x00000000080063ac                HAL_TIM_PWM_PulseFinishedCallback
 .text.HAL_TIM_TriggerCallback
                0x00000000080063c0       0x14 ./Drivers/STM32F4xx_HAL_Driver/Src/stm32f4xx_hal_tim.o
                0x00000000080063c0                HAL_TIM_TriggerCallback
 .text.TIM_Base_SetConfig
                0x00000000080063d4      0x140 ./Drivers/STM32F4xx_HAL_Driver/Src/stm32f4xx_hal_tim.o
                0x00000000080063d4                TIM_Base_SetConfig
 .text.HAL_TIMEx_CommutCallback
                0x0000000008006514       0x14 ./Drivers/STM32F4xx_HAL_Driver/Src/stm32f4xx_hal_tim_ex.o
                0x0000000008006514                HAL_TIMEx_CommutCallback
 .text.HAL_TIMEx_BreakCallback
                0x0000000008006528       0x14 ./Drivers/STM32F4xx_HAL_Driver/Src/stm32f4xx_hal_tim_ex.o
                0x0000000008006528                HAL_TIMEx_BreakCallback
 .text.HAL_UART_Init
                0x000000000800653c       0x9a ./Drivers/STM32F4xx_HAL_Driver/Src/stm32f4xx_hal_uart.o
                0x000000000800653c                HAL_UART_Init
 .text.HAL_UART_Transmit
                0x00000000080065d6      0x124 ./Drivers/STM32F4xx_HAL_Driver/Src/stm32f4xx_hal_uart.o
                0x00000000080065d6                HAL_UART_Transmit
 .text.UART_WaitOnFlagUntilTimeout
                0x00000000080066fa       0xdc ./Drivers/STM32F4xx_HAL_Driver/Src/stm32f4xx_hal_uart.o
 *fill*         0x00000000080067d6        0x2 
 .text.UART_SetConfig
                0x00000000080067d8      0x508 ./Drivers/STM32F4xx_HAL_Driver/Src/stm32f4xx_hal_uart.o
 .text.USB_CoreInit
                0x0000000008006ce0       0xc2 ./Drivers/STM32F4xx_HAL_Driver/Src/stm32f4xx_ll_usb.o
                0x0000000008006ce0                USB_CoreInit
 *fill*         0x0000000008006da2        0x2 
 .text.USB_SetTurnaroundTime
                0x0000000008006da4      0x144 ./Drivers/STM32F4xx_HAL_Driver/Src/stm32f4xx_ll_usb.o
                0x0000000008006da4                USB_SetTurnaroundTime
 .text.USB_EnableGlobalInt
                0x0000000008006ee8       0x22 ./Drivers/STM32F4xx_HAL_Driver/Src/stm32f4xx_ll_usb.o
                0x0000000008006ee8                USB_EnableGlobalInt
 .text.USB_DisableGlobalInt
                0x0000000008006f0a       0x22 ./Drivers/STM32F4xx_HAL_Driver/Src/stm32f4xx_ll_usb.o
                0x0000000008006f0a                USB_DisableGlobalInt
 .text.USB_SetCurrentMode
                0x0000000008006f2c       0x98 ./Drivers/STM32F4xx_HAL_Driver/Src/stm32f4xx_ll_usb.o
                0x0000000008006f2c                USB_SetCurrentMode
 .text.USB_DevInit
                0x0000000008006fc4      0x2bc ./Drivers/STM32F4xx_HAL_Driver/Src/stm32f4xx_ll_usb.o
                0x0000000008006fc4                USB_DevInit
 .text.USB_FlushTxFifo
                0x0000000008007280       0x68 ./Drivers/STM32F4xx_HAL_Driver/Src/stm32f4xx_ll_usb.o
                0x0000000008007280                USB_FlushTxFifo
 .text.USB_FlushRxFifo
                0x00000000080072e8       0x60 ./Drivers/STM32F4xx_HAL_Driver/Src/stm32f4xx_ll_usb.o
                0x00000000080072e8                USB_FlushRxFifo
 .text.USB_SetDevSpeed
                0x0000000008007348       0x32 ./Drivers/STM32F4xx_HAL_Driver/Src/stm32f4xx_ll_usb.o
                0x0000000008007348                USB_SetDevSpeed
 .text.USB_GetDevSpeed
                0x000000000800737a       0x4a ./Drivers/STM32F4xx_HAL_Driver/Src/stm32f4xx_ll_usb.o
                0x000000000800737a                USB_GetDevSpeed
 .text.USB_ActivateEndpoint
                0x00000000080073c4      0x10e ./Drivers/STM32F4xx_HAL_Driver/Src/stm32f4xx_ll_usb.o
                0x00000000080073c4                USB_ActivateEndpoint
 *fill*         0x00000000080074d2        0x2 
 .text.USB_DeactivateEndpoint
                0x00000000080074d4      0x1b8 ./Drivers/STM32F4xx_HAL_Driver/Src/stm32f4xx_ll_usb.o
                0x00000000080074d4                USB_DeactivateEndpoint
 .text.USB_EPStartXfer
                0x000000000800768c      0x490 ./Drivers/STM32F4xx_HAL_Driver/Src/stm32f4xx_ll_usb.o
                0x000000000800768c                USB_EPStartXfer
 .text.USB_EP0StartXfer
                0x0000000008007b1c      0x2b0 ./Drivers/STM32F4xx_HAL_Driver/Src/stm32f4xx_ll_usb.o
                0x0000000008007b1c                USB_EP0StartXfer
 .text.USB_EPStopXfer
                0x0000000008007dcc      0x154 ./Drivers/STM32F4xx_HAL_Driver/Src/stm32f4xx_ll_usb.o
                0x0000000008007dcc                USB_EPStopXfer
 .text.USB_WritePacket
                0x0000000008007f20       0x7c ./Drivers/STM32F4xx_HAL_Driver/Src/stm32f4xx_ll_usb.o
                0x0000000008007f20                USB_WritePacket
 .text.USB_ReadPacket
                0x0000000008007f9c       0xb0 ./Drivers/STM32F4xx_HAL_Driver/Src/stm32f4xx_ll_usb.o
                0x0000000008007f9c                USB_ReadPacket
 .text.USB_EPSetStall
                0x000000000800804c       0xdc ./Drivers/STM32F4xx_HAL_Driver/Src/stm32f4xx_ll_usb.o
                0x000000000800804c                USB_EPSetStall
 .text.USB_EPClearStall
                0x0000000008008128       0xcc ./Drivers/STM32F4xx_HAL_Driver/Src/stm32f4xx_ll_usb.o
                0x0000000008008128                USB_EPClearStall
 .text.USB_SetDevAddress
                0x00000000080081f4       0x4c ./Drivers/STM32F4xx_HAL_Driver/Src/stm32f4xx_ll_usb.o
                0x00000000080081f4                USB_SetDevAddress
 .text.USB_DevConnect
                0x0000000008008240       0x42 ./Drivers/STM32F4xx_HAL_Driver/Src/stm32f4xx_ll_usb.o
                0x0000000008008240                USB_DevConnect
 .text.USB_DevDisconnect
                0x0000000008008282       0x42 ./Drivers/STM32F4xx_HAL_Driver/Src/stm32f4xx_ll_usb.o
                0x0000000008008282                USB_DevDisconnect
 .text.USB_ReadInterrupts
                0x00000000080082c4       0x26 ./Drivers/STM32F4xx_HAL_Driver/Src/stm32f4xx_ll_usb.o
                0x00000000080082c4                USB_ReadInterrupts
 .text.USB_ReadDevAllOutEpInterrupt
                0x00000000080082ea       0x34 ./Drivers/STM32F4xx_HAL_Driver/Src/stm32f4xx_ll_usb.o
                0x00000000080082ea                USB_ReadDevAllOutEpInterrupt
 .text.USB_ReadDevAllInEpInterrupt
                0x000000000800831e       0x34 ./Drivers/STM32F4xx_HAL_Driver/Src/stm32f4xx_ll_usb.o
                0x000000000800831e                USB_ReadDevAllInEpInterrupt
 .text.USB_ReadDevOutEPInterrupt
                0x0000000008008352       0x3c ./Drivers/STM32F4xx_HAL_Driver/Src/stm32f4xx_ll_usb.o
                0x0000000008008352                USB_ReadDevOutEPInterrupt
 .text.USB_ReadDevInEPInterrupt
                0x000000000800838e       0x5c ./Drivers/STM32F4xx_HAL_Driver/Src/stm32f4xx_ll_usb.o
                0x000000000800838e                USB_ReadDevInEPInterrupt
 .text.USB_GetMode
                0x00000000080083ea       0x1c ./Drivers/STM32F4xx_HAL_Driver/Src/stm32f4xx_ll_usb.o
                0x00000000080083ea                USB_GetMode
 .text.USB_ActivateSetup
                0x0000000008008406       0x46 ./Drivers/STM32F4xx_HAL_Driver/Src/stm32f4xx_ll_usb.o
                0x0000000008008406                USB_ActivateSetup
 .text.USB_EP0_OutStart
                0x000000000800844c       0xbc ./Drivers/STM32F4xx_HAL_Driver/Src/stm32f4xx_ll_usb.o
                0x000000000800844c                USB_EP0_OutStart
 .text.USB_CoreReset
                0x0000000008008508       0x68 ./Drivers/STM32F4xx_HAL_Driver/Src/stm32f4xx_ll_usb.o
 .text.USBD_CDC_Init
                0x0000000008008570      0x1f0 ./Middlewares/ST/STM32_USB_Device_Library/Class/CDC/Src/usbd_cdc.o
 .text.USBD_CDC_DeInit
                0x0000000008008760      0x104 ./Middlewares/ST/STM32_USB_Device_Library/Class/CDC/Src/usbd_cdc.o
 .text.USBD_CDC_Setup
                0x0000000008008864      0x1b8 ./Middlewares/ST/STM32_USB_Device_Library/Class/CDC/Src/usbd_cdc.o
 .text.USBD_CDC_DataIn
                0x0000000008008a1c       0xfe ./Middlewares/ST/STM32_USB_Device_Library/Class/CDC/Src/usbd_cdc.o
 .text.USBD_CDC_DataOut
                0x0000000008008b1a       0x70 ./Middlewares/ST/STM32_USB_Device_Library/Class/CDC/Src/usbd_cdc.o
 .text.USBD_CDC_EP0_RxReady
                0x0000000008008b8a       0x76 ./Middlewares/ST/STM32_USB_Device_Library/Class/CDC/Src/usbd_cdc.o
 .text.USBD_CDC_GetFSCfgDesc
                0x0000000008008c00       0x70 ./Middlewares/ST/STM32_USB_Device_Library/Class/CDC/Src/usbd_cdc.o
 .text.USBD_CDC_GetHSCfgDesc
                0x0000000008008c70       0x70 ./Middlewares/ST/STM32_USB_Device_Library/Class/CDC/Src/usbd_cdc.o
 .text.USBD_CDC_GetOtherSpeedCfgDesc
                0x0000000008008ce0       0x70 ./Middlewares/ST/STM32_USB_Device_Library/Class/CDC/Src/usbd_cdc.o
 .text.USBD_CDC_GetDeviceQualifierDescriptor
                0x0000000008008d50       0x20 ./Middlewares/ST/STM32_USB_Device_Library/Class/CDC/Src/usbd_cdc.o
                0x0000000008008d50                USBD_CDC_GetDeviceQualifierDescriptor
 .text.USBD_CDC_RegisterInterface
                0x0000000008008d70       0x34 ./Middlewares/ST/STM32_USB_Device_Library/Class/CDC/Src/usbd_cdc.o
                0x0000000008008d70                USBD_CDC_RegisterInterface
 .text.USBD_CDC_SetTxBuffer
                0x0000000008008da4       0x44 ./Middlewares/ST/STM32_USB_Device_Library/Class/CDC/Src/usbd_cdc.o
                0x0000000008008da4                USBD_CDC_SetTxBuffer
 .text.USBD_CDC_SetRxBuffer
                0x0000000008008de8       0x3a ./Middlewares/ST/STM32_USB_Device_Library/Class/CDC/Src/usbd_cdc.o
                0x0000000008008de8                USBD_CDC_SetRxBuffer
 *fill*         0x0000000008008e22        0x2 
 .text.USBD_CDC_ReceivePacket
                0x0000000008008e24       0x6c ./Middlewares/ST/STM32_USB_Device_Library/Class/CDC/Src/usbd_cdc.o
                0x0000000008008e24                USBD_CDC_ReceivePacket
 .text.USBD_Init
                0x0000000008008e90       0x60 ./Middlewares/ST/STM32_USB_Device_Library/Core/Src/usbd_core.o
                0x0000000008008e90                USBD_Init
 .text.USBD_RegisterClass
                0x0000000008008ef0       0x6c ./Middlewares/ST/STM32_USB_Device_Library/Core/Src/usbd_core.o
                0x0000000008008ef0                USBD_RegisterClass
 .text.USBD_Start
                0x0000000008008f5c       0x18 ./Middlewares/ST/STM32_USB_Device_Library/Core/Src/usbd_core.o
                0x0000000008008f5c                USBD_Start
 .text.USBD_RunTestMode
                0x0000000008008f74       0x16 ./Middlewares/ST/STM32_USB_Device_Library/Core/Src/usbd_core.o
                0x0000000008008f74                USBD_RunTestMode
 .text.USBD_SetClassConfig
                0x0000000008008f8a       0x38 ./Middlewares/ST/STM32_USB_Device_Library/Core/Src/usbd_core.o
                0x0000000008008f8a                USBD_SetClassConfig
 .text.USBD_ClrClassConfig
                0x0000000008008fc2       0x34 ./Middlewares/ST/STM32_USB_Device_Library/Core/Src/usbd_core.o
                0x0000000008008fc2                USBD_ClrClassConfig
 .text.USBD_LL_SetupStage
                0x0000000008008ff6       0xaa ./Middlewares/ST/STM32_USB_Device_Library/Core/Src/usbd_core.o
                0x0000000008008ff6                USBD_LL_SetupStage
 .text.USBD_LL_DataOutStage
                0x00000000080090a0      0x166 ./Middlewares/ST/STM32_USB_Device_Library/Core/Src/usbd_core.o
                0x00000000080090a0                USBD_LL_DataOutStage
 .text.USBD_LL_DataInStage
                0x0000000008009206      0x164 ./Middlewares/ST/STM32_USB_Device_Library/Core/Src/usbd_core.o
                0x0000000008009206                USBD_LL_DataInStage
 .text.USBD_LL_Reset
                0x000000000800936a       0xa4 ./Middlewares/ST/STM32_USB_Device_Library/Core/Src/usbd_core.o
                0x000000000800936a                USBD_LL_Reset
 .text.USBD_LL_SetSpeed
                0x000000000800940e       0x20 ./Middlewares/ST/STM32_USB_Device_Library/Core/Src/usbd_core.o
                0x000000000800940e                USBD_LL_SetSpeed
 .text.USBD_LL_Suspend
                0x000000000800942e       0x2c ./Middlewares/ST/STM32_USB_Device_Library/Core/Src/usbd_core.o
                0x000000000800942e                USBD_LL_Suspend
 .text.USBD_LL_Resume
                0x000000000800945a       0x30 ./Middlewares/ST/STM32_USB_Device_Library/Core/Src/usbd_core.o
                0x000000000800945a                USBD_LL_Resume
 .text.USBD_LL_SOF
                0x000000000800948a       0x40 ./Middlewares/ST/STM32_USB_Device_Library/Core/Src/usbd_core.o
                0x000000000800948a                USBD_LL_SOF
 .text.USBD_LL_IsoINIncomplete
                0x00000000080094ca       0x64 ./Middlewares/ST/STM32_USB_Device_Library/Core/Src/usbd_core.o
                0x00000000080094ca                USBD_LL_IsoINIncomplete
 .text.USBD_LL_IsoOUTIncomplete
                0x000000000800952e       0x64 ./Middlewares/ST/STM32_USB_Device_Library/Core/Src/usbd_core.o
                0x000000000800952e                USBD_LL_IsoOUTIncomplete
 .text.USBD_LL_DevConnected
                0x0000000008009592       0x16 ./Middlewares/ST/STM32_USB_Device_Library/Core/Src/usbd_core.o
                0x0000000008009592                USBD_LL_DevConnected
 .text.USBD_LL_DevDisconnected
                0x00000000080095a8       0x46 ./Middlewares/ST/STM32_USB_Device_Library/Core/Src/usbd_core.o
                0x00000000080095a8                USBD_LL_DevDisconnected
 .text.USBD_CoreFindIF
                0x00000000080095ee       0x1a ./Middlewares/ST/STM32_USB_Device_Library/Core/Src/usbd_core.o
                0x00000000080095ee                USBD_CoreFindIF
 .text.USBD_CoreFindEP
                0x0000000008009608       0x1a ./Middlewares/ST/STM32_USB_Device_Library/Core/Src/usbd_core.o
                0x0000000008009608                USBD_CoreFindEP
 .text.USBD_GetEpDesc
                0x0000000008009622       0x74 ./Middlewares/ST/STM32_USB_Device_Library/Core/Src/usbd_core.o
                0x0000000008009622                USBD_GetEpDesc
 .text.USBD_GetNextDesc
                0x0000000008009696       0x3a ./Middlewares/ST/STM32_USB_Device_Library/Core/Src/usbd_core.o
                0x0000000008009696                USBD_GetNextDesc
 .text.SWAPBYTE
                0x00000000080096d0       0x3c ./Middlewares/ST/STM32_USB_Device_Library/Core/Src/usbd_ctlreq.o
 .text.USBD_StdDevReq
                0x000000000800970c       0xe4 ./Middlewares/ST/STM32_USB_Device_Library/Core/Src/usbd_ctlreq.o
                0x000000000800970c                USBD_StdDevReq
 .text.USBD_StdItfReq
                0x00000000080097f0       0xd8 ./Middlewares/ST/STM32_USB_Device_Library/Core/Src/usbd_ctlreq.o
                0x00000000080097f0                USBD_StdItfReq
 .text.USBD_StdEPReq
                0x00000000080098c8      0x33a ./Middlewares/ST/STM32_USB_Device_Library/Core/Src/usbd_ctlreq.o
                0x00000000080098c8                USBD_StdEPReq
 *fill*         0x0000000008009c02        0x2 
 .text.USBD_GetDescriptor
                0x0000000008009c04      0x2d4 ./Middlewares/ST/STM32_USB_Device_Library/Core/Src/usbd_ctlreq.o
 .text.USBD_SetAddress
                0x0000000008009ed8       0x88 ./Middlewares/ST/STM32_USB_Device_Library/Core/Src/usbd_ctlreq.o
 .text.USBD_SetConfig
                0x0000000008009f60      0x154 ./Middlewares/ST/STM32_USB_Device_Library/Core/Src/usbd_ctlreq.o
 .text.USBD_GetConfig
                0x000000000800a0b4       0x6c ./Middlewares/ST/STM32_USB_Device_Library/Core/Src/usbd_ctlreq.o
 .text.USBD_GetStatus
                0x000000000800a120       0x68 ./Middlewares/ST/STM32_USB_Device_Library/Core/Src/usbd_ctlreq.o
 .text.USBD_SetFeature
                0x000000000800a188       0x52 ./Middlewares/ST/STM32_USB_Device_Library/Core/Src/usbd_ctlreq.o
 .text.USBD_ClrFeature
                0x000000000800a1da       0x44 ./Middlewares/ST/STM32_USB_Device_Library/Core/Src/usbd_ctlreq.o
 .text.USBD_ParseSetupRequest
                0x000000000800a21e       0x74 ./Middlewares/ST/STM32_USB_Device_Library/Core/Src/usbd_ctlreq.o
                0x000000000800a21e                USBD_ParseSetupRequest
 .text.USBD_CtlError
                0x000000000800a292       0x22 ./Middlewares/ST/STM32_USB_Device_Library/Core/Src/usbd_ctlreq.o
                0x000000000800a292                USBD_CtlError
 .text.USBD_GetString
                0x000000000800a2b4       0x8c ./Middlewares/ST/STM32_USB_Device_Library/Core/Src/usbd_ctlreq.o
                0x000000000800a2b4                USBD_GetString
 .text.USBD_GetLen
                0x000000000800a340       0x34 ./Middlewares/ST/STM32_USB_Device_Library/Core/Src/usbd_ctlreq.o
 .text.USBD_CtlSendData
                0x000000000800a374       0x36 ./Middlewares/ST/STM32_USB_Device_Library/Core/Src/usbd_ioreq.o
                0x000000000800a374                USBD_CtlSendData
 .text.USBD_CtlContinueSendData
                0x000000000800a3aa       0x22 ./Middlewares/ST/STM32_USB_Device_Library/Core/Src/usbd_ioreq.o
                0x000000000800a3aa                USBD_CtlContinueSendData
 .text.USBD_CtlPrepareRx
                0x000000000800a3cc       0x3a ./Middlewares/ST/STM32_USB_Device_Library/Core/Src/usbd_ioreq.o
                0x000000000800a3cc                USBD_CtlPrepareRx
 .text.USBD_CtlContinueRx
                0x000000000800a406       0x22 ./Middlewares/ST/STM32_USB_Device_Library/Core/Src/usbd_ioreq.o
                0x000000000800a406                USBD_CtlContinueRx
 .text.USBD_CtlSendStatus
                0x000000000800a428       0x26 ./Middlewares/ST/STM32_USB_Device_Library/Core/Src/usbd_ioreq.o
                0x000000000800a428                USBD_CtlSendStatus
 .text.USBD_CtlReceiveStatus
                0x000000000800a44e       0x26 ./Middlewares/ST/STM32_USB_Device_Library/Core/Src/usbd_ioreq.o
                0x000000000800a44e                USBD_CtlReceiveStatus
 .text.MX_USB_DEVICE_Init
                0x000000000800a474       0x60 ./USB_DEVICE/App/usb_device.o
                0x000000000800a474                MX_USB_DEVICE_Init
 .text.CDC_Init_FS
                0x000000000800a4d4       0x28 ./USB_DEVICE/App/usbd_cdc_if.o
 .text.CDC_DeInit_FS
                0x000000000800a4fc       0x10 ./USB_DEVICE/App/usbd_cdc_if.o
 .text.CDC_Control_FS
                0x000000000800a50c       0xbc ./USB_DEVICE/App/usbd_cdc_if.o
 .text.CDC_Receive_FS
                0x000000000800a5c8       0x28 ./USB_DEVICE/App/usbd_cdc_if.o
 .text.CDC_TransmitCplt_FS
                0x000000000800a5f0       0x22 ./USB_DEVICE/App/usbd_cdc_if.o
 *fill*         0x000000000800a612        0x2 
 .text.USBD_FS_DeviceDescriptor
                0x000000000800a614       0x24 ./USB_DEVICE/App/usbd_desc.o
                0x000000000800a614                USBD_FS_DeviceDescriptor
 .text.USBD_FS_LangIDStrDescriptor
                0x000000000800a638       0x24 ./USB_DEVICE/App/usbd_desc.o
                0x000000000800a638                USBD_FS_LangIDStrDescriptor
 .text.USBD_FS_ProductStrDescriptor
                0x000000000800a65c       0x3c ./USB_DEVICE/App/usbd_desc.o
                0x000000000800a65c                USBD_FS_ProductStrDescriptor
 .text.USBD_FS_ManufacturerStrDescriptor
                0x000000000800a698       0x28 ./USB_DEVICE/App/usbd_desc.o
                0x000000000800a698                USBD_FS_ManufacturerStrDescriptor
 .text.USBD_FS_SerialStrDescriptor
                0x000000000800a6c0       0x24 ./USB_DEVICE/App/usbd_desc.o
                0x000000000800a6c0                USBD_FS_SerialStrDescriptor
 .text.USBD_FS_ConfigStrDescriptor
                0x000000000800a6e4       0x3c ./USB_DEVICE/App/usbd_desc.o
                0x000000000800a6e4                USBD_FS_ConfigStrDescriptor
 .text.USBD_FS_InterfaceStrDescriptor
                0x000000000800a720       0x3c ./USB_DEVICE/App/usbd_desc.o
                0x000000000800a720                USBD_FS_InterfaceStrDescriptor
 .text.Get_SerialNum
                0x000000000800a75c       0x58 ./USB_DEVICE/App/usbd_desc.o
 .text.IntToUnicode
                0x000000000800a7b4       0x7e ./USB_DEVICE/App/usbd_desc.o
 *fill*         0x000000000800a832        0x2 
 .text.HAL_PCD_MspInit
                0x000000000800a834       0xec ./USB_DEVICE/Target/usbd_conf.o
                0x000000000800a834                HAL_PCD_MspInit
 .text.HAL_PCD_SetupStageCallback
                0x000000000800a920       0x24 ./USB_DEVICE/Target/usbd_conf.o
                0x000000000800a920                HAL_PCD_SetupStageCallback
 .text.HAL_PCD_DataOutStageCallback
                0x000000000800a944       0x36 ./USB_DEVICE/Target/usbd_conf.o
                0x000000000800a944                HAL_PCD_DataOutStageCallback
 .text.HAL_PCD_DataInStageCallback
                0x000000000800a97a       0x34 ./USB_DEVICE/Target/usbd_conf.o
                0x000000000800a97a                HAL_PCD_DataInStageCallback
 .text.HAL_PCD_SOFCallback
                0x000000000800a9ae       0x1c ./USB_DEVICE/Target/usbd_conf.o
                0x000000000800a9ae                HAL_PCD_SOFCallback
 .text.HAL_PCD_ResetCallback
                0x000000000800a9ca       0x3c ./USB_DEVICE/Target/usbd_conf.o
                0x000000000800a9ca                HAL_PCD_ResetCallback
 *fill*         0x000000000800aa06        0x2 
 .text.HAL_PCD_SuspendCallback
                0x000000000800aa08       0x4c ./USB_DEVICE/Target/usbd_conf.o
                0x000000000800aa08                HAL_PCD_SuspendCallback
 .text.HAL_PCD_ResumeCallback
                0x000000000800aa54       0x1c ./USB_DEVICE/Target/usbd_conf.o
                0x000000000800aa54                HAL_PCD_ResumeCallback
 .text.HAL_PCD_ISOOUTIncompleteCallback
                0x000000000800aa70       0x24 ./USB_DEVICE/Target/usbd_conf.o
                0x000000000800aa70                HAL_PCD_ISOOUTIncompleteCallback
 .text.HAL_PCD_ISOINIncompleteCallback
                0x000000000800aa94       0x24 ./USB_DEVICE/Target/usbd_conf.o
                0x000000000800aa94                HAL_PCD_ISOINIncompleteCallback
 .text.HAL_PCD_ConnectCallback
                0x000000000800aab8       0x1c ./USB_DEVICE/Target/usbd_conf.o
                0x000000000800aab8                HAL_PCD_ConnectCallback
 .text.HAL_PCD_DisconnectCallback
                0x000000000800aad4       0x1c ./USB_DEVICE/Target/usbd_conf.o
                0x000000000800aad4                HAL_PCD_DisconnectCallback
 .text.USBD_LL_Init
                0x000000000800aaf0       0xa0 ./USB_DEVICE/Target/usbd_conf.o
                0x000000000800aaf0                USBD_LL_Init
 .text.USBD_LL_Start
                0x000000000800ab90       0x36 ./USB_DEVICE/Target/usbd_conf.o
                0x000000000800ab90                USBD_LL_Start
 .text.USBD_LL_OpenEP
                0x000000000800abc6       0x4c ./USB_DEVICE/Target/usbd_conf.o
                0x000000000800abc6                USBD_LL_OpenEP
 .text.USBD_LL_CloseEP
                0x000000000800ac12       0x3e ./USB_DEVICE/Target/usbd_conf.o
                0x000000000800ac12                USBD_LL_CloseEP
 .text.USBD_LL_StallEP
                0x000000000800ac50       0x3e ./USB_DEVICE/Target/usbd_conf.o
                0x000000000800ac50                USBD_LL_StallEP
 .text.USBD_LL_ClearStallEP
                0x000000000800ac8e       0x3e ./USB_DEVICE/Target/usbd_conf.o
                0x000000000800ac8e                USBD_LL_ClearStallEP
 .text.USBD_LL_IsStallEP
                0x000000000800accc       0x58 ./USB_DEVICE/Target/usbd_conf.o
                0x000000000800accc                USBD_LL_IsStallEP
 .text.USBD_LL_SetUSBAddress
                0x000000000800ad24       0x3e ./USB_DEVICE/Target/usbd_conf.o
                0x000000000800ad24                USBD_LL_SetUSBAddress
 .text.USBD_LL_Transmit
                0x000000000800ad62       0x42 ./USB_DEVICE/Target/usbd_conf.o
                0x000000000800ad62                USBD_LL_Transmit
 .text.USBD_LL_PrepareReceive
                0x000000000800ada4       0x42 ./USB_DEVICE/Target/usbd_conf.o
                0x000000000800ada4                USBD_LL_PrepareReceive
 .text.USBD_LL_GetRxDataSize
                0x000000000800ade6       0x26 ./USB_DEVICE/Target/usbd_conf.o
                0x000000000800ade6                USBD_LL_GetRxDataSize
 .text.USBD_static_malloc
                0x000000000800ae0c       0x1c ./USB_DEVICE/Target/usbd_conf.o
                0x000000000800ae0c                USBD_static_malloc
 .text.USBD_static_free
                0x000000000800ae28       0x14 ./USB_DEVICE/Target/usbd_conf.o
                0x000000000800ae28                USBD_static_free
 .text.USBD_Get_USB_Status
                0x000000000800ae3c       0x58 ./USB_DEVICE/Target/usbd_conf.o
                0x000000000800ae3c                USBD_Get_USB_Status
 .text._Znwj    0x000000000800ae94       0x22 C:/ST/STM32CubeIDE_1.13.2/STM32CubeIDE/plugins/com.st.stm32cube.ide.mcu.externaltools.gnu-tools-for-stm32.11.3.rel1.win32_1.1.1.202309131626/tools/bin/../lib/gcc/arm-none-eabi/11.3.1/../../../../arm-none-eabi/lib/thumb/v7e-m+fp/hard\libstdc++_nano.a(new_op.o)
                0x000000000800ae94                operator new(unsigned int)
 *fill*         0x000000000800aeb6        0x2 
 .text._ZSt15get_new_handlerv
                0x000000000800aeb8       0x10 C:/ST/STM32CubeIDE_1.13.2/STM32CubeIDE/plugins/com.st.stm32cube.ide.mcu.externaltools.gnu-tools-for-stm32.11.3.rel1.win32_1.1.1.202309131626/tools/bin/../lib/gcc/arm-none-eabi/11.3.1/../../../../arm-none-eabi/lib/thumb/v7e-m+fp/hard\libstdc++_nano.a(new_handler.o)
                0x000000000800aeb8                std::get_new_handler()
 .text.atan2    0x000000000800aec8        0x4 C:/ST/STM32CubeIDE_1.13.2/STM32CubeIDE/plugins/com.st.stm32cube.ide.mcu.externaltools.gnu-tools-for-stm32.11.3.rel1.win32_1.1.1.202309131626/tools/bin/../lib/gcc/arm-none-eabi/11.3.1/../../../../arm-none-eabi/lib/thumb/v7e-m+fp/hard\libm.a(libm_a-w_atan2.o)
                0x000000000800aec8                atan2
 .text.sqrt     0x000000000800aecc       0x58 C:/ST/STM32CubeIDE_1.13.2/STM32CubeIDE/plugins/com.st.stm32cube.ide.mcu.externaltools.gnu-tools-for-stm32.11.3.rel1.win32_1.1.1.202309131626/tools/bin/../lib/gcc/arm-none-eabi/11.3.1/../../../../arm-none-eabi/lib/thumb/v7e-m+fp/hard\libm.a(libm_a-w_sqrt.o)
                0x000000000800aecc                sqrt
 .text.__ieee754_sqrt
                0x000000000800af24      0x1b4 C:/ST/STM32CubeIDE_1.13.2/STM32CubeIDE/plugins/com.st.stm32cube.ide.mcu.externaltools.gnu-tools-for-stm32.11.3.rel1.win32_1.1.1.202309131626/tools/bin/../lib/gcc/arm-none-eabi/11.3.1/../../../../arm-none-eabi/lib/thumb/v7e-m+fp/hard\libm.a(libm_a-e_sqrt.o)
                0x000000000800af24                __ieee754_sqrt
 .text.__ieee754_atan2
                0x000000000800b0d8      0x18c C:/ST/STM32CubeIDE_1.13.2/STM32CubeIDE/plugins/com.st.stm32cube.ide.mcu.externaltools.gnu-tools-for-stm32.11.3.rel1.win32_1.1.1.202309131626/tools/bin/../lib/gcc/arm-none-eabi/11.3.1/../../../../arm-none-eabi/lib/thumb/v7e-m+fp/hard\libm.a(libm_a-e_atan2.o)
                0x000000000800b0d8                __ieee754_atan2
 *fill*         0x000000000800b264        0x4 
 .text.atan     0x000000000800b268      0x340 C:/ST/STM32CubeIDE_1.13.2/STM32CubeIDE/plugins/com.st.stm32cube.ide.mcu.externaltools.gnu-tools-for-stm32.11.3.rel1.win32_1.1.1.202309131626/tools/bin/../lib/gcc/arm-none-eabi/11.3.1/../../../../arm-none-eabi/lib/thumb/v7e-m+fp/hard\libm.a(libm_a-s_atan.o)
                0x000000000800b268                atan
 .text.fabs     0x000000000800b5a8       0x12 C:/ST/STM32CubeIDE_1.13.2/STM32CubeIDE/plugins/com.st.stm32cube.ide.mcu.externaltools.gnu-tools-for-stm32.11.3.rel1.win32_1.1.1.202309131626/tools/bin/../lib/gcc/arm-none-eabi/11.3.1/../../../../arm-none-eabi/lib/thumb/v7e-m+fp/hard\libm.a(libm_a-s_fabs.o)
                0x000000000800b5a8                fabs
 .text.abort    0x000000000800b5ba        0xe C:/ST/STM32CubeIDE_1.13.2/STM32CubeIDE/plugins/com.st.stm32cube.ide.mcu.externaltools.gnu-tools-for-stm32.11.3.rel1.win32_1.1.1.202309131626/tools/bin/../lib/gcc/arm-none-eabi/11.3.1/../../../../arm-none-eabi/lib/thumb/v7e-m+fp/hard\libc_nano.a(libc_a-abort.o)
                0x000000000800b5ba                abort
 .text.malloc   0x000000000800b5c8       0x10 C:/ST/STM32CubeIDE_1.13.2/STM32CubeIDE/plugins/com.st.stm32cube.ide.mcu.externaltools.gnu-tools-for-stm32.11.3.rel1.win32_1.1.1.202309131626/tools/bin/../lib/gcc/arm-none-eabi/11.3.1/../../../../arm-none-eabi/lib/thumb/v7e-m+fp/hard\libc_nano.a(libc_a-malloc.o)
                0x000000000800b5c8                malloc
 .text.sbrk_aligned
                0x000000000800b5d8       0x40 C:/ST/STM32CubeIDE_1.13.2/STM32CubeIDE/plugins/com.st.stm32cube.ide.mcu.externaltools.gnu-tools-for-stm32.11.3.rel1.win32_1.1.1.202309131626/tools/bin/../lib/gcc/arm-none-eabi/11.3.1/../../../../arm-none-eabi/lib/thumb/v7e-m+fp/hard\libc_nano.a(libc_a-mallocr.o)
 .text._malloc_r
                0x000000000800b618      0x100 C:/ST/STM32CubeIDE_1.13.2/STM32CubeIDE/plugins/com.st.stm32cube.ide.mcu.externaltools.gnu-tools-for-stm32.11.3.rel1.win32_1.1.1.202309131626/tools/bin/../lib/gcc/arm-none-eabi/11.3.1/../../../../arm-none-eabi/lib/thumb/v7e-m+fp/hard\libc_nano.a(libc_a-mallocr.o)
                0x000000000800b618                _malloc_r
 .text.__malloc_lock
                0x000000000800b718        0xc C:/ST/STM32CubeIDE_1.13.2/STM32CubeIDE/plugins/com.st.stm32cube.ide.mcu.externaltools.gnu-tools-for-stm32.11.3.rel1.win32_1.1.1.202309131626/tools/bin/../lib/gcc/arm-none-eabi/11.3.1/../../../../arm-none-eabi/lib/thumb/v7e-m+fp/hard\libc_nano.a(libc_a-mlock.o)
                0x000000000800b718                __malloc_lock
 .text.__malloc_unlock
                0x000000000800b724        0xc C:/ST/STM32CubeIDE_1.13.2/STM32CubeIDE/plugins/com.st.stm32cube.ide.mcu.externaltools.gnu-tools-for-stm32.11.3.rel1.win32_1.1.1.202309131626/tools/bin/../lib/gcc/arm-none-eabi/11.3.1/../../../../arm-none-eabi/lib/thumb/v7e-m+fp/hard\libc_nano.a(libc_a-mlock.o)
                0x000000000800b724                __malloc_unlock
 .text.snprintf
                0x000000000800b730       0x68 C:/ST/STM32CubeIDE_1.13.2/STM32CubeIDE/plugins/com.st.stm32cube.ide.mcu.externaltools.gnu-tools-for-stm32.11.3.rel1.win32_1.1.1.202309131626/tools/bin/../lib/gcc/arm-none-eabi/11.3.1/../../../../arm-none-eabi/lib/thumb/v7e-m+fp/hard\libc_nano.a(libc_a-snprintf.o)
                0x000000000800b730                sniprintf
                0x000000000800b730                snprintf
 .text.memset   0x000000000800b798       0x10 C:/ST/STM32CubeIDE_1.13.2/STM32CubeIDE/plugins/com.st.stm32cube.ide.mcu.externaltools.gnu-tools-for-stm32.11.3.rel1.win32_1.1.1.202309131626/tools/bin/../lib/gcc/arm-none-eabi/11.3.1/../../../../arm-none-eabi/lib/thumb/v7e-m+fp/hard\libc_nano.a(libc_a-memset.o)
                0x000000000800b798                memset
 .text._raise_r
                0x000000000800b7a8       0x50 C:/ST/STM32CubeIDE_1.13.2/STM32CubeIDE/plugins/com.st.stm32cube.ide.mcu.externaltools.gnu-tools-for-stm32.11.3.rel1.win32_1.1.1.202309131626/tools/bin/../lib/gcc/arm-none-eabi/11.3.1/../../../../arm-none-eabi/lib/thumb/v7e-m+fp/hard\libc_nano.a(libc_a-signal.o)
                0x000000000800b7a8                _raise_r
 .text.raise    0x000000000800b7f8       0x10 C:/ST/STM32CubeIDE_1.13.2/STM32CubeIDE/plugins/com.st.stm32cube.ide.mcu.externaltools.gnu-tools-for-stm32.11.3.rel1.win32_1.1.1.202309131626/tools/bin/../lib/gcc/arm-none-eabi/11.3.1/../../../../arm-none-eabi/lib/thumb/v7e-m+fp/hard\libc_nano.a(libc_a-signal.o)
                0x000000000800b7f8                raise
 .text._kill_r  0x000000000800b808       0x24 C:/ST/STM32CubeIDE_1.13.2/STM32CubeIDE/plugins/com.st.stm32cube.ide.mcu.externaltools.gnu-tools-for-stm32.11.3.rel1.win32_1.1.1.202309131626/tools/bin/../lib/gcc/arm-none-eabi/11.3.1/../../../../arm-none-eabi/lib/thumb/v7e-m+fp/hard\libc_nano.a(libc_a-signalr.o)
                0x000000000800b808                _kill_r
 .text._getpid_r
                0x000000000800b82c        0x4 C:/ST/STM32CubeIDE_1.13.2/STM32CubeIDE/plugins/com.st.stm32cube.ide.mcu.externaltools.gnu-tools-for-stm32.11.3.rel1.win32_1.1.1.202309131626/tools/bin/../lib/gcc/arm-none-eabi/11.3.1/../../../../arm-none-eabi/lib/thumb/v7e-m+fp/hard\libc_nano.a(libc_a-signalr.o)
                0x000000000800b82c                _getpid_r
 .text._sbrk_r  0x000000000800b830       0x20 C:/ST/STM32CubeIDE_1.13.2/STM32CubeIDE/plugins/com.st.stm32cube.ide.mcu.externaltools.gnu-tools-for-stm32.11.3.rel1.win32_1.1.1.202309131626/tools/bin/../lib/gcc/arm-none-eabi/11.3.1/../../../../arm-none-eabi/lib/thumb/v7e-m+fp/hard\libc_nano.a(libc_a-sbrkr.o)
                0x000000000800b830                _sbrk_r
 .text.__errno  0x000000000800b850        0xc C:/ST/STM32CubeIDE_1.13.2/STM32CubeIDE/plugins/com.st.stm32cube.ide.mcu.externaltools.gnu-tools-for-stm32.11.3.rel1.win32_1.1.1.202309131626/tools/bin/../lib/gcc/arm-none-eabi/11.3.1/../../../../arm-none-eabi/lib/thumb/v7e-m+fp/hard\libc_nano.a(libc_a-errno.o)
                0x000000000800b850                __errno
 .text.__libc_init_array
                0x000000000800b85c       0x48 C:/ST/STM32CubeIDE_1.13.2/STM32CubeIDE/plugins/com.st.stm32cube.ide.mcu.externaltools.gnu-tools-for-stm32.11.3.rel1.win32_1.1.1.202309131626/tools/bin/../lib/gcc/arm-none-eabi/11.3.1/../../../../arm-none-eabi/lib/thumb/v7e-m+fp/hard\libc_nano.a(libc_a-init.o)
                0x000000000800b85c                __libc_init_array
 .text.__retarget_lock_acquire_recursive
                0x000000000800b8a4        0x2 C:/ST/STM32CubeIDE_1.13.2/STM32CubeIDE/plugins/com.st.stm32cube.ide.mcu.externaltools.gnu-tools-for-stm32.11.3.rel1.win32_1.1.1.202309131626/tools/bin/../lib/gcc/arm-none-eabi/11.3.1/../../../../arm-none-eabi/lib/thumb/v7e-m+fp/hard\libc_nano.a(libc_a-lock.o)
                0x000000000800b8a4                __retarget_lock_acquire_recursive
 .text.__retarget_lock_release_recursive
                0x000000000800b8a6        0x2 C:/ST/STM32CubeIDE_1.13.2/STM32CubeIDE/plugins/com.st.stm32cube.ide.mcu.externaltools.gnu-tools-for-stm32.11.3.rel1.win32_1.1.1.202309131626/tools/bin/../lib/gcc/arm-none-eabi/11.3.1/../../../../arm-none-eabi/lib/thumb/v7e-m+fp/hard\libc_nano.a(libc_a-lock.o)
                0x000000000800b8a6                __retarget_lock_release_recursive
 .text._free_r  0x000000000800b8a8       0x98 C:/ST/STM32CubeIDE_1.13.2/STM32CubeIDE/plugins/com.st.stm32cube.ide.mcu.externaltools.gnu-tools-for-stm32.11.3.rel1.win32_1.1.1.202309131626/tools/bin/../lib/gcc/arm-none-eabi/11.3.1/../../../../arm-none-eabi/lib/thumb/v7e-m+fp/hard\libc_nano.a(libc_a-freer.o)
                0x000000000800b8a8                _free_r
 .text.__ssputs_r
                0x000000000800b940       0xb4 C:/ST/STM32CubeIDE_1.13.2/STM32CubeIDE/plugins/com.st.stm32cube.ide.mcu.externaltools.gnu-tools-for-stm32.11.3.rel1.win32_1.1.1.202309131626/tools/bin/../lib/gcc/arm-none-eabi/11.3.1/../../../../arm-none-eabi/lib/thumb/v7e-m+fp/hard\libc_nano.a(libc_a-nano-svfprintf.o)
                0x000000000800b940                __ssputs_r
 .text._svfprintf_r
                0x000000000800b9f4      0x1fc C:/ST/STM32CubeIDE_1.13.2/STM32CubeIDE/plugins/com.st.stm32cube.ide.mcu.externaltools.gnu-tools-for-stm32.11.3.rel1.win32_1.1.1.202309131626/tools/bin/../lib/gcc/arm-none-eabi/11.3.1/../../../../arm-none-eabi/lib/thumb/v7e-m+fp/hard\libc_nano.a(libc_a-nano-svfprintf.o)
                0x000000000800b9f4                _svfiprintf_r
                0x000000000800b9f4                _svfprintf_r
 .text._printf_common
                0x000000000800bbf0       0xda C:/ST/STM32CubeIDE_1.13.2/STM32CubeIDE/plugins/com.st.stm32cube.ide.mcu.externaltools.gnu-tools-for-stm32.11.3.rel1.win32_1.1.1.202309131626/tools/bin/../lib/gcc/arm-none-eabi/11.3.1/../../../../arm-none-eabi/lib/thumb/v7e-m+fp/hard\libc_nano.a(libc_a-nano-vfprintf_i.o)
                0x000000000800bbf0                _printf_common
 *fill*         0x000000000800bcca        0x2 
 .text._printf_i
                0x000000000800bccc      0x244 C:/ST/STM32CubeIDE_1.13.2/STM32CubeIDE/plugins/com.st.stm32cube.ide.mcu.externaltools.gnu-tools-for-stm32.11.3.rel1.win32_1.1.1.202309131626/tools/bin/../lib/gcc/arm-none-eabi/11.3.1/../../../../arm-none-eabi/lib/thumb/v7e-m+fp/hard\libc_nano.a(libc_a-nano-vfprintf_i.o)
                0x000000000800bccc                _printf_i
 .text.memmove  0x000000000800bf10       0x34 C:/ST/STM32CubeIDE_1.13.2/STM32CubeIDE/plugins/com.st.stm32cube.ide.mcu.externaltools.gnu-tools-for-stm32.11.3.rel1.win32_1.1.1.202309131626/tools/bin/../lib/gcc/arm-none-eabi/11.3.1/../../../../arm-none-eabi/lib/thumb/v7e-m+fp/hard\libc_nano.a(libc_a-memmove.o)
                0x000000000800bf10                memmove
 .text.memcpy   0x000000000800bf44       0x1c C:/ST/STM32CubeIDE_1.13.2/STM32CubeIDE/plugins/com.st.stm32cube.ide.mcu.externaltools.gnu-tools-for-stm32.11.3.rel1.win32_1.1.1.202309131626/tools/bin/../lib/gcc/arm-none-eabi/11.3.1/../../../../arm-none-eabi/lib/thumb/v7e-m+fp/hard\libc_nano.a(libc_a-memcpy-stub.o)
                0x000000000800bf44                memcpy
 .text._realloc_r
                0x000000000800bf60       0x5e C:/ST/STM32CubeIDE_1.13.2/STM32CubeIDE/plugins/com.st.stm32cube.ide.mcu.externaltools.gnu-tools-for-stm32.11.3.rel1.win32_1.1.1.202309131626/tools/bin/../lib/gcc/arm-none-eabi/11.3.1/../../../../arm-none-eabi/lib/thumb/v7e-m+fp/hard\libc_nano.a(libc_a-reallocr.o)
                0x000000000800bf60                _realloc_r
 .text._malloc_usable_size_r
                0x000000000800bfbe       0x10 C:/ST/STM32CubeIDE_1.13.2/STM32CubeIDE/plugins/com.st.stm32cube.ide.mcu.externaltools.gnu-tools-for-stm32.11.3.rel1.win32_1.1.1.202309131626/tools/bin/../lib/gcc/arm-none-eabi/11.3.1/../../../../arm-none-eabi/lib/thumb/v7e-m+fp/hard\libc_nano.a(libc_a-msizer.o)
                0x000000000800bfbe                _malloc_usable_size_r
 *(.glue_7)
 .glue_7        0x000000000800bfce        0x0 linker stubs
 *(.glue_7t)
 .glue_7t       0x000000000800bfce        0x0 linker stubs
 *(.eh_frame)
 *fill*         0x000000000800bfce        0x2 
 .eh_frame      0x000000000800bfd0        0x0 C:/ST/STM32CubeIDE_1.13.2/STM32CubeIDE/plugins/com.st.stm32cube.ide.mcu.externaltools.gnu-tools-for-stm32.11.3.rel1.win32_1.1.1.202309131626/tools/bin/../lib/gcc/arm-none-eabi/11.3.1/thumb/v7e-m+fp/hard/crtbegin.o
 *(.init)
 .init          0x000000000800bfd0        0x4 C:/ST/STM32CubeIDE_1.13.2/STM32CubeIDE/plugins/com.st.stm32cube.ide.mcu.externaltools.gnu-tools-for-stm32.11.3.rel1.win32_1.1.1.202309131626/tools/bin/../lib/gcc/arm-none-eabi/11.3.1/thumb/v7e-m+fp/hard/crti.o
                0x000000000800bfd0                _init
 .init          0x000000000800bfd4        0x8 C:/ST/STM32CubeIDE_1.13.2/STM32CubeIDE/plugins/com.st.stm32cube.ide.mcu.externaltools.gnu-tools-for-stm32.11.3.rel1.win32_1.1.1.202309131626/tools/bin/../lib/gcc/arm-none-eabi/11.3.1/thumb/v7e-m+fp/hard/crtn.o
 *(.fini)
 .fini          0x000000000800bfdc        0x4 C:/ST/STM32CubeIDE_1.13.2/STM32CubeIDE/plugins/com.st.stm32cube.ide.mcu.externaltools.gnu-tools-for-stm32.11.3.rel1.win32_1.1.1.202309131626/tools/bin/../lib/gcc/arm-none-eabi/11.3.1/thumb/v7e-m+fp/hard/crti.o
                0x000000000800bfdc                _fini
 .fini          0x000000000800bfe0        0x8 C:/ST/STM32CubeIDE_1.13.2/STM32CubeIDE/plugins/com.st.stm32cube.ide.mcu.externaltools.gnu-tools-for-stm32.11.3.rel1.win32_1.1.1.202309131626/tools/bin/../lib/gcc/arm-none-eabi/11.3.1/thumb/v7e-m+fp/hard/crtn.o
                0x000000000800bfe8                . = ALIGN (0x4)
                0x000000000800bfe8                _etext = .

.vfp11_veneer   0x000000000800bfe8        0x0
 .vfp11_veneer  0x000000000800bfe8        0x0 linker stubs

.v4_bx          0x000000000800bfe8        0x0
 .v4_bx         0x000000000800bfe8        0x0 linker stubs

.iplt           0x000000000800bfe8        0x0
 .iplt          0x000000000800bfe8        0x0 C:/ST/STM32CubeIDE_1.13.2/STM32CubeIDE/plugins/com.st.stm32cube.ide.mcu.externaltools.gnu-tools-for-stm32.11.3.rel1.win32_1.1.1.202309131626/tools/bin/../lib/gcc/arm-none-eabi/11.3.1/thumb/v7e-m+fp/hard/crtbegin.o

.rodata         0x000000000800bfe8      0x144
                0x000000000800bfe8                . = ALIGN (0x4)
 *(.rodata)
 .rodata        0x000000000800bfe8       0x3e ./Core/Src/cppMain.o
 *fill*         0x000000000800c026        0x2 
 .rodata        0x000000000800c028       0x46 ./USB_DEVICE/App/usbd_desc.o
 *(.rodata*)
 *fill*         0x000000000800c06e        0x2 
 .rodata.AHBPrescTable
                0x000000000800c070       0x10 ./Core/Src/system_stm32f4xx.o
                0x000000000800c070                AHBPrescTable
 .rodata.APBPrescTable
                0x000000000800c080        0x8 ./Core/Src/system_stm32f4xx.o
                0x000000000800c080                APBPrescTable
 .rodata.CSWTCH.8
                0x000000000800c088       0x18 C:/ST/STM32CubeIDE_1.13.2/STM32CubeIDE/plugins/com.st.stm32cube.ide.mcu.externaltools.gnu-tools-for-stm32.11.3.rel1.win32_1.1.1.202309131626/tools/bin/../lib/gcc/arm-none-eabi/11.3.1/../../../../arm-none-eabi/lib/thumb/v7e-m+fp/hard\libm.a(libm_a-e_atan2.o)
 .rodata.CSWTCH.9
                0x000000000800c0a0       0x18 C:/ST/STM32CubeIDE_1.13.2/STM32CubeIDE/plugins/com.st.stm32cube.ide.mcu.externaltools.gnu-tools-for-stm32.11.3.rel1.win32_1.1.1.202309131626/tools/bin/../lib/gcc/arm-none-eabi/11.3.1/../../../../arm-none-eabi/lib/thumb/v7e-m+fp/hard\libm.a(libm_a-e_atan2.o)
 .rodata.atanhi
                0x000000000800c0b8       0x20 C:/ST/STM32CubeIDE_1.13.2/STM32CubeIDE/plugins/com.st.stm32cube.ide.mcu.externaltools.gnu-tools-for-stm32.11.3.rel1.win32_1.1.1.202309131626/tools/bin/../lib/gcc/arm-none-eabi/11.3.1/../../../../arm-none-eabi/lib/thumb/v7e-m+fp/hard\libm.a(libm_a-s_atan.o)
 .rodata.atanlo
                0x000000000800c0d8       0x20 C:/ST/STM32CubeIDE_1.13.2/STM32CubeIDE/plugins/com.st.stm32cube.ide.mcu.externaltools.gnu-tools-for-stm32.11.3.rel1.win32_1.1.1.202309131626/tools/bin/../lib/gcc/arm-none-eabi/11.3.1/../../../../arm-none-eabi/lib/thumb/v7e-m+fp/hard\libm.a(libm_a-s_atan.o)
 .rodata._svfprintf_r.str1.1
                0x000000000800c0f8       0x11 C:/ST/STM32CubeIDE_1.13.2/STM32CubeIDE/plugins/com.st.stm32cube.ide.mcu.externaltools.gnu-tools-for-stm32.11.3.rel1.win32_1.1.1.202309131626/tools/bin/../lib/gcc/arm-none-eabi/11.3.1/../../../../arm-none-eabi/lib/thumb/v7e-m+fp/hard\libc_nano.a(libc_a-nano-svfprintf.o)
 .rodata._printf_i.str1.1
                0x000000000800c109       0x22 C:/ST/STM32CubeIDE_1.13.2/STM32CubeIDE/plugins/com.st.stm32cube.ide.mcu.externaltools.gnu-tools-for-stm32.11.3.rel1.win32_1.1.1.202309131626/tools/bin/../lib/gcc/arm-none-eabi/11.3.1/../../../../arm-none-eabi/lib/thumb/v7e-m+fp/hard\libc_nano.a(libc_a-nano-vfprintf_i.o)
                0x000000000800c12c                . = ALIGN (0x4)
 *fill*         0x000000000800c12b        0x1 

.ARM.extab      0x000000000800c12c        0x0
                0x000000000800c12c                . = ALIGN (0x4)
 *(.ARM.extab* .gnu.linkonce.armextab.*)
                0x000000000800c12c                . = ALIGN (0x4)

.ARM            0x000000000800c12c        0x8
                0x000000000800c12c                . = ALIGN (0x4)
                0x000000000800c12c                __exidx_start = .
 *(.ARM.exidx*)
 .ARM.exidx     0x000000000800c12c        0x8 C:/ST/STM32CubeIDE_1.13.2/STM32CubeIDE/plugins/com.st.stm32cube.ide.mcu.externaltools.gnu-tools-for-stm32.11.3.rel1.win32_1.1.1.202309131626/tools/bin/../lib/gcc/arm-none-eabi/11.3.1/thumb/v7e-m+fp/hard\libgcc.a(_udivmoddi4.o)
                0x000000000800c134                __exidx_end = .
                0x000000000800c134                . = ALIGN (0x4)

.rel.dyn        0x000000000800c134        0x0
 .rel.iplt      0x000000000800c134        0x0 C:/ST/STM32CubeIDE_1.13.2/STM32CubeIDE/plugins/com.st.stm32cube.ide.mcu.externaltools.gnu-tools-for-stm32.11.3.rel1.win32_1.1.1.202309131626/tools/bin/../lib/gcc/arm-none-eabi/11.3.1/thumb/v7e-m+fp/hard/crtbegin.o

.preinit_array  0x000000000800c134        0x0
                0x000000000800c134                . = ALIGN (0x4)
                0x000000000800c134                PROVIDE (__preinit_array_start = .)
 *(.preinit_array*)
                0x000000000800c134                PROVIDE (__preinit_array_end = .)
                0x000000000800c134                . = ALIGN (0x4)

.init_array     0x000000000800c134        0x4
                0x000000000800c134                . = ALIGN (0x4)
                0x000000000800c134                PROVIDE (__init_array_start = .)
 *(SORT_BY_NAME(.init_array.*))
 *(.init_array*)
 .init_array    0x000000000800c134        0x4 C:/ST/STM32CubeIDE_1.13.2/STM32CubeIDE/plugins/com.st.stm32cube.ide.mcu.externaltools.gnu-tools-for-stm32.11.3.rel1.win32_1.1.1.202309131626/tools/bin/../lib/gcc/arm-none-eabi/11.3.1/thumb/v7e-m+fp/hard/crtbegin.o
                0x000000000800c138                PROVIDE (__init_array_end = .)
                0x000000000800c138                . = ALIGN (0x4)

.fini_array     0x000000000800c138        0x4
                0x000000000800c138                . = ALIGN (0x4)
                [!provide]                        PROVIDE (__fini_array_start = .)
 *(SORT_BY_NAME(.fini_array.*))
 *(.fini_array*)
 .fini_array    0x000000000800c138        0x4 C:/ST/STM32CubeIDE_1.13.2/STM32CubeIDE/plugins/com.st.stm32cube.ide.mcu.externaltools.gnu-tools-for-stm32.11.3.rel1.win32_1.1.1.202309131626/tools/bin/../lib/gcc/arm-none-eabi/11.3.1/thumb/v7e-m+fp/hard/crtbegin.o
                [!provide]                        PROVIDE (__fini_array_end = .)
                0x000000000800c13c                . = ALIGN (0x4)
                0x000000000800c13c                _sidata = LOADADDR (.data)

.data           0x0000000020000000      0x170 load address 0x000000000800c13c
                0x0000000020000000                . = ALIGN (0x4)
                0x0000000020000000                _sdata = .
 *(.data)
 *(.data*)
 .data.KalmanRoll
                0x0000000020000000        0x8 ./Core/Src/cppMain.o
                0x0000000020000000                KalmanRoll
 .data.KalmanPitch
                0x0000000020000008        0x8 ./Core/Src/cppMain.o
                0x0000000020000008                KalmanPitch
 .data.SystemCoreClock
                0x0000000020000010        0x4 ./Core/Src/system_stm32f4xx.o
                0x0000000020000010                SystemCoreClock
 .data.uwTickPrio
                0x0000000020000014        0x4 ./Drivers/STM32F4xx_HAL_Driver/Src/stm32f4xx_hal.o
                0x0000000020000014                uwTickPrio
 .data.uwTickFreq
                0x0000000020000018        0x1 ./Drivers/STM32F4xx_HAL_Driver/Src/stm32f4xx_hal.o
                0x0000000020000018                uwTickFreq
 *fill*         0x0000000020000019        0x3 
 .data.USBD_CDC_DeviceQualifierDesc
                0x000000002000001c        0xa ./Middlewares/ST/STM32_USB_Device_Library/Class/CDC/Src/usbd_cdc.o
 *fill*         0x0000000020000026        0x2 
 .data.USBD_CDC
                0x0000000020000028       0x38 ./Middlewares/ST/STM32_USB_Device_Library/Class/CDC/Src/usbd_cdc.o
                0x0000000020000028                USBD_CDC
 .data.USBD_CDC_CfgDesc
                0x0000000020000060       0x43 ./Middlewares/ST/STM32_USB_Device_Library/Class/CDC/Src/usbd_cdc.o
 .data.CDCInEpAdd
                0x00000000200000a3        0x1 ./Middlewares/ST/STM32_USB_Device_Library/Class/CDC/Src/usbd_cdc.o
 .data.CDCOutEpAdd
                0x00000000200000a4        0x1 ./Middlewares/ST/STM32_USB_Device_Library/Class/CDC/Src/usbd_cdc.o
 .data.CDCCmdEpAdd
                0x00000000200000a5        0x1 ./Middlewares/ST/STM32_USB_Device_Library/Class/CDC/Src/usbd_cdc.o
 *fill*         0x00000000200000a6        0x2 
 .data.USBD_Interface_fops_FS
                0x00000000200000a8       0x14 ./USB_DEVICE/App/usbd_cdc_if.o
                0x00000000200000a8                USBD_Interface_fops_FS
 .data.FS_Desc  0x00000000200000bc       0x1c ./USB_DEVICE/App/usbd_desc.o
                0x00000000200000bc                FS_Desc
 .data.USBD_FS_DeviceDesc
                0x00000000200000d8       0x12 ./USB_DEVICE/App/usbd_desc.o
                0x00000000200000d8                USBD_FS_DeviceDesc
 *fill*         0x00000000200000ea        0x2 
 .data.USBD_LangIDDesc
                0x00000000200000ec        0x4 ./USB_DEVICE/App/usbd_desc.o
                0x00000000200000ec                USBD_LangIDDesc
 .data.USBD_StringSerial
                0x00000000200000f0       0x1a ./USB_DEVICE/App/usbd_desc.o
                0x00000000200000f0                USBD_StringSerial
 *fill*         0x000000002000010a        0x6 
 .data.one      0x0000000020000110        0x8 C:/ST/STM32CubeIDE_1.13.2/STM32CubeIDE/plugins/com.st.stm32cube.ide.mcu.externaltools.gnu-tools-for-stm32.11.3.rel1.win32_1.1.1.202309131626/tools/bin/../lib/gcc/arm-none-eabi/11.3.1/../../../../arm-none-eabi/lib/thumb/v7e-m+fp/hard\libm.a(libm_a-e_sqrt.o)
 .data.tiny     0x0000000020000118        0x8 C:/ST/STM32CubeIDE_1.13.2/STM32CubeIDE/plugins/com.st.stm32cube.ide.mcu.externaltools.gnu-tools-for-stm32.11.3.rel1.win32_1.1.1.202309131626/tools/bin/../lib/gcc/arm-none-eabi/11.3.1/../../../../arm-none-eabi/lib/thumb/v7e-m+fp/hard\libm.a(libm_a-e_sqrt.o)
 .data._impure_data
                0x0000000020000120       0x4c C:/ST/STM32CubeIDE_1.13.2/STM32CubeIDE/plugins/com.st.stm32cube.ide.mcu.externaltools.gnu-tools-for-stm32.11.3.rel1.win32_1.1.1.202309131626/tools/bin/../lib/gcc/arm-none-eabi/11.3.1/../../../../arm-none-eabi/lib/thumb/v7e-m+fp/hard\libc_nano.a(libc_a-impure.o)
                0x0000000020000120                _impure_data
 .data._impure_ptr
                0x000000002000016c        0x4 C:/ST/STM32CubeIDE_1.13.2/STM32CubeIDE/plugins/com.st.stm32cube.ide.mcu.externaltools.gnu-tools-for-stm32.11.3.rel1.win32_1.1.1.202309131626/tools/bin/../lib/gcc/arm-none-eabi/11.3.1/../../../../arm-none-eabi/lib/thumb/v7e-m+fp/hard\libc_nano.a(libc_a-impure.o)
                0x000000002000016c                _impure_ptr
 *(.RamFunc)
 *(.RamFunc*)
                0x0000000020000170                . = ALIGN (0x4)
                0x0000000020000170                _edata = .

.igot.plt       0x0000000020000170        0x0 load address 0x000000000800c2ac
 .igot.plt      0x0000000020000170        0x0 C:/ST/STM32CubeIDE_1.13.2/STM32CubeIDE/plugins/com.st.stm32cube.ide.mcu.externaltools.gnu-tools-for-stm32.11.3.rel1.win32_1.1.1.202309131626/tools/bin/../lib/gcc/arm-none-eabi/11.3.1/thumb/v7e-m+fp/hard/crtbegin.o
                0x0000000020000170                . = ALIGN (0x4)

.bss            0x0000000020000170     0x1f7c load address 0x000000000800c2ac
                0x0000000020000170                _sbss = .
                0x0000000020000170                __bss_start__ = _sbss
 *(.bss)
 .bss           0x0000000020000170       0x1c C:/ST/STM32CubeIDE_1.13.2/STM32CubeIDE/plugins/com.st.stm32cube.ide.mcu.externaltools.gnu-tools-for-stm32.11.3.rel1.win32_1.1.1.202309131626/tools/bin/../lib/gcc/arm-none-eabi/11.3.1/thumb/v7e-m+fp/hard/crtbegin.o
 *(.bss*)
 .bss.buffer    0x000000002000018c       0x80 ./Core/Src/cppMain.o
                0x000000002000018c                buffer
 .bss.bmi160    0x000000002000020c        0x4 ./Core/Src/cppMain.o
                0x000000002000020c                bmi160
 .bss.hi2c1     0x0000000020000210       0x54 ./Core/Src/main.o
                0x0000000020000210                hi2c1
 .bss.hspi1     0x0000000020000264       0x58 ./Core/Src/main.o
                0x0000000020000264                hspi1
 .bss.huart3    0x00000000200002bc       0x44 ./Core/Src/main.o
                0x00000000200002bc                huart3
 .bss.huart6    0x0000000020000300       0x44 ./Core/Src/main.o
                0x0000000020000300                huart6
 .bss.htim6     0x0000000020000344       0x48 ./Core/Src/stm32f4xx_hal_timebase_tim.o
                0x0000000020000344                htim6
 .bss.__sbrk_heap_end
                0x000000002000038c        0x4 ./Core/Src/sysmem.o