../Bsp/Src/Lcd/ili9341/ili9341hal.c:14:6:LCD_IO_Init	8	static
../Bsp/Src/Lcd/ili9341/ili9341hal.c:19:6:LCD_IO_WriteReg	16	static
../Bsp/Src/Lcd/ili9341/ili9341hal.c:26:9:LCD_IO_ReadData	16	static
../Bsp/Src/Lcd/ili9341/ili9341hal.c:35:10:LCD_IO_ReadData16	16	static
../Bsp/Src/Lcd/ili9341/ili9341hal.c:43:6:LCD_IO_WriteData16	16	static
../Bsp/Src/Lcd/ili9341/ili9341hal.c:50:6:LCD_IO_WriteData	16	static
../Bsp/Src/Lcd/ili9341/ili9341hal.c:57:6:LCD_IO_WriteDataMultiple	16	static
../Bsp/Src/Lcd/ili9341/ili9341hal.c:64:6:LCD_IO_ReadDataMultiple	32	static
../Bsp/Src/Lcd/ili9341/ili9341hal.c:72:6:LCD_IO_WriteDataMultiple16	16	static
../Bsp/Src/Lcd/ili9341/ili9341hal.c:79:6:LCD_IO_ReadDataMultiple16	32	static
../Bsp/Src/Lcd/ili9341/ili9341hal.c:87:6:LCD_Delay	16	static
